   INFO | Calculating optics parameters - code version 0.29.0 | optics_measurements.measure_optics
   INFO | -- Run phase calculation with requested compensation | optics_measurements.phase
   INFO | Calculating phase advances | optics_measurements.phase
   INFO | Measured tune in plane X = 0.16519165039099998 | optics_measurements.phase
   INFO | Writing phases: 2 | optics_measurements.phase
   INFO | Phase advance beating in phase_x.tfs = 0.0034407268189580163 | optics_measurements.phase
   INFO | Phase advance beating in total_phase_x.tfs = 0.003817231773421793 | optics_measurements.phase
   INFO | Errors from 3BPM method | optics_measurements.beta_from_phase
   INFO |  - RMS beta beat: 7.349% | optics_measurements.beta_from_phase
   INFO | -- Run phase calculation with requested compensation | optics_measurements.phase
   INFO | Calculating phase advances | optics_measurements.phase
   INFO | Measured tune in plane Y = 0.22460767957900002 | optics_measurements.phase
   INFO | Writing phases: 2 | optics_measurements.phase
   INFO | Phase advance beating in phase_y.tfs = 0.003603495618289419 | optics_measurements.phase
   INFO | Phase advance beating in total_phase_y.tfs = 0.003263766880422883 | optics_measurements.phase
   INFO | Errors from 3BPM method | optics_measurements.beta_from_phase
   INFO |  - RMS beta beat: 5.608% | optics_measurements.beta_from_phase
   INFO | Calculating coupling | optics_measurements.coupling
   INFO | |C-| (approx) = 0.00629, tune_sep = 0.052, from Eq.1 in PRSTAB 17,051004 | optics_measurements.coupling
   INFO | |C-| (exact)  = 0.00546, from Eq.2 w/o i*s*Delta/R in PRSTAB 17,051004 | optics_measurements.coupling
   INFO | Detected amplitude unit 'm' for plane X. | optics_measurements.data_models
   INFO | Detected amplitude unit 'm' for plane Y. | optics_measurements.data_models
   INFO | Detected amplitude unit 'm' for plane X. | optics_measurements.data_models
   INFO | Detected amplitude unit 'm' for plane Y. | optics_measurements.data_models
   INFO | Detected amplitude unit 'm' for plane X. | optics_measurements.data_models
   INFO | Detected amplitude unit 'm' for plane Y. | optics_measurements.data_models
   INFO | Detected amplitude unit 'm' for plane X. | optics_measurements.data_models
   INFO | Detected amplitude unit 'm' for plane Y. | optics_measurements.data_models
   INFO | Detected amplitude unit 'm' for plane X. | optics_measurements.data_models
   INFO | Detected amplitude unit 'm' for plane Y. | optics_measurements.data_models
   INFO | Detected amplitude unit 'm' for plane X. | optics_measurements.data_models
   INFO | Detected amplitude unit 'm' for plane Y. | optics_measurements.data_models
   INFO | Detected amplitude unit 'm' for plane X. | optics_measurements.data_models
   INFO | Detected amplitude unit 'm' for plane Y. | optics_measurements.data_models
   INFO | Detected amplitude unit 'm' for plane X. | optics_measurements.data_models
   INFO | Detected amplitude unit 'm' for plane Y. | optics_measurements.data_models
   INFO | Detected amplitude unit 'm' for plane X. | optics_measurements.data_models
   INFO | Detected amplitude unit 'm' for plane Y. | optics_measurements.data_models
   INFO | Detected amplitude unit 'm' for plane X. | optics_measurements.data_models
   INFO | Detected amplitude unit 'm' for plane Y. | optics_measurements.data_models
   INFO | Detected amplitude unit 'm' for plane X. | optics_measurements.data_models
   INFO | Detected amplitude unit 'm' for plane Y. | optics_measurements.data_models
   INFO | Detected amplitude unit 'm' for plane X. | optics_measurements.data_models
   INFO | Detected amplitude unit 'm' for plane Y. | optics_measurements.data_models
   INFO | Detected amplitude unit 'm' for plane X. | optics_measurements.data_models
   INFO | Detected amplitude unit 'm' for plane Y. | optics_measurements.data_models
   INFO | Detected amplitude unit 'm' for plane X. | optics_measurements.data_models
   INFO | Detected amplitude unit 'm' for plane Y. | optics_measurements.data_models
   INFO | Detected amplitude unit 'm' for plane X. | optics_measurements.data_models
   INFO | Detected amplitude unit 'm' for plane Y. | optics_measurements.data_models
   INFO | Detected amplitude unit 'm' for plane X. | optics_measurements.data_models
   INFO | Detected amplitude unit 'm' for plane Y. | optics_measurements.data_models
   INFO | Detected amplitude unit 'm' for plane X. | optics_measurements.data_models
   INFO | Detected amplitude unit 'm' for plane Y. | optics_measurements.data_models
   INFO | Detected amplitude unit 'm' for plane X. | optics_measurements.data_models
   INFO | Detected amplitude unit 'm' for plane Y. | optics_measurements.data_models
   INFO | Detected amplitude unit 'm' for plane X. | optics_measurements.data_models
   INFO | Detected amplitude unit 'm' for plane Y. | optics_measurements.data_models
   INFO | Detected amplitude unit 'm' for plane X. | optics_measurements.data_models
   INFO | Detected amplitude unit 'm' for plane Y. | optics_measurements.data_models
   INFO | Detected amplitude unit 'm' for plane X. | optics_measurements.data_models
   INFO | Detected amplitude unit 'm' for plane Y. | optics_measurements.data_models
   INFO | Detected amplitude unit 'm' for plane X. | optics_measurements.data_models
   INFO | Detected amplitude unit 'm' for plane Y. | optics_measurements.data_models
   INFO | Detected amplitude unit 'm' for plane X. | optics_measurements.data_models
   INFO | Detected amplitude unit 'm' for plane Y. | optics_measurements.data_models
   INFO | Detected amplitude unit 'm' for plane X. | optics_measurements.data_models
   INFO | Detected amplitude unit 'm' for plane Y. | optics_measurements.data_models
   INFO | Detected amplitude unit 'm' for plane X. | optics_measurements.data_models
   INFO | Detected amplitude unit 'm' for plane Y. | optics_measurements.data_models
   INFO | Detected amplitude unit 'm' for plane X. | optics_measurements.data_models
   INFO | Detected amplitude unit 'm' for plane Y. | optics_measurements.data_models
   INFO | Detected amplitude unit 'm' for plane X. | optics_measurements.data_models
   INFO | Detected amplitude unit 'm' for plane Y. | optics_measurements.data_models
   INFO | Detected amplitude unit 'm' for plane X. | optics_measurements.data_models
   INFO | Detected amplitude unit 'm' for plane Y. | optics_measurements.data_models
   INFO | Detected amplitude unit 'm' for plane X. | optics_measurements.data_models
   INFO | Detected amplitude unit 'm' for plane Y. | optics_measurements.data_models
   INFO | Detected amplitude unit 'm' for plane X. | optics_measurements.data_models
   INFO | Detected amplitude unit 'm' for plane Y. | optics_measurements.data_models
   INFO | Detected amplitude unit 'm' for plane X. | optics_measurements.data_models
   INFO | Detected amplitude unit 'm' for plane Y. | optics_measurements.data_models
   INFO | Detected amplitude unit 'm' for plane X. | optics_measurements.data_models
   INFO | Detected amplitude unit 'm' for plane Y. | optics_measurements.data_models
   INFO | Detected amplitude unit 'm' for plane X. | optics_measurements.data_models
   INFO | Detected amplitude unit 'm' for plane Y. | optics_measurements.data_models
   INFO | Detected amplitude unit 'm' for plane X. | optics_measurements.data_models
   INFO | Detected amplitude unit 'm' for plane Y. | optics_measurements.data_models
   INFO | Detected amplitude unit 'm' for plane X. | optics_measurements.data_models
   INFO | Detected amplitude unit 'm' for plane Y. | optics_measurements.data_models
   INFO | Detected amplitude unit 'm' for plane X. | optics_measurements.data_models
   INFO | Detected amplitude unit 'm' for plane Y. | optics_measurements.data_models
   INFO | DPPS: [0.00062529 0.00063118 0.00063187 0.00062434 0.00063453 0.00062556
 0.00063936 0.00063123 0.00063187 0.00062082 0.00061946 0.00061774
 0.00063022 0.00063657 0.00062622 0.0006421  0.00063459 0.00063334
 0.00062524 0.00062759 0.00062482 0.00062875 0.00062637 0.0006328
 0.00062133 0.00063136 0.0006363  0.00062352 0.00063049 0.00063094
 0.00063084 0.00062888 0.00062815 0.00063202 0.00062979 0.00062259] | optics_measurements.data_models
   INFO | DPP_AMPS: [0. 0. 0. 0. 0. 0. 0. 0. 0. 0. 0. 0. 0. 0. 0. 0. 0. 0. 0. 0. 0. 0. 0. 0.
 0. 0. 0. 0. 0. 0. 0. 0. 0. 0. 0. 0.] | optics_measurements.data_models
   INFO | Calculating optics parameters - code version 0.29.0 | optics_measurements.measure_optics
   INFO | -- Run phase calculation with requested compensation | optics_measurements.phase
   INFO | Calculating phase advances | optics_measurements.phase
   INFO | Measured tune in plane X = 0.16519165039099998 | optics_measurements.phase
   INFO | -- Run phase calculation without compensation | optics_measurements.phase
   INFO | Calculating phase advances | optics_measurements.phase
   INFO | Measured tune in plane X = 0.16519165039099998 | optics_measurements.phase
   INFO | Writing phases: 4 | optics_measurements.phase
   INFO | Phase advance beating in phase_x.tfs = 0.0029331896369452397 | optics_measurements.phase
   INFO | Phase advance beating in total_phase_x.tfs = 0.002733328373833929 | optics_measurements.phase
   INFO | Phase advance beating in phase_driven_x.tfs = 0.002932556484018477 | optics_measurements.phase
   INFO | Phase advance beating in total_phase_driven_x.tfs = 0.002746548504963617 | optics_measurements.phase
   INFO | Errors from 3BPM method | optics_measurements.beta_from_phase
   INFO |  - RMS beta beat: 7.981% | optics_measurements.beta_from_phase
   INFO | -- Run phase calculation with requested compensation | optics_measurements.phase
   INFO | Calculating phase advances | optics_measurements.phase
   INFO | Measured tune in plane Y = 0.22460767957900002 | optics_measurements.phase
   INFO | -- Run phase calculation without compensation | optics_measurements.phase
   INFO | Calculating phase advances | optics_measurements.phase
   INFO | Measured tune in plane Y = 0.22460767957900002 | optics_measurements.phase
   INFO | Writing phases: 4 | optics_measurements.phase
   INFO | Phase advance beating in phase_y.tfs = 0.0028695982234863662 | optics_measurements.phase
   INFO | Phase advance beating in total_phase_y.tfs = 0.002459800314908599 | optics_measurements.phase
   INFO | Phase advance beating in phase_driven_y.tfs = 0.002846483677354802 | optics_measurements.phase
   INFO | Phase advance beating in total_phase_driven_y.tfs = 0.0024700505878144804 | optics_measurements.phase
   INFO | Errors from 3BPM method | optics_measurements.beta_from_phase
   INFO |  - RMS beta beat: 6.181% | optics_measurements.beta_from_phase
   INFO | Calculating coupling | optics_measurements.coupling
   INFO | |C-| (approx) = 0.00629, tune_sep = 0.052, from Eq.1 in PRSTAB 17,051004 | optics_measurements.coupling
   INFO | |C-| (exact)  = 0.00546, from Eq.2 w/o i*s*Delta/R in PRSTAB 17,051004 | optics_measurements.coupling
