   INFO | Calculating optics parameters - code version 0.29.0 | optics_measurements.measure_optics
   INFO | -- Run phase calculation with requested compensation | optics_measurements.phase
   INFO | Calculating phase advances | optics_measurements.phase
   INFO | Measured tune in plane X = 0.23388779469025642 | optics_measurements.phase
   INFO | -- Run phase calculation without compensation | optics_measurements.phase
   INFO | Calculating phase advances | optics_measurements.phase
   INFO | Measured tune in plane X = 0.23388779469025642 | optics_measurements.phase
   INFO | Writing phases: 4 | optics_measurements.phase
   INFO | Phase advance beating in phase_x.tfs = 0.005180314608348233 | optics_measurements.phase
   INFO | Phase advance beating in total_phase_x.tfs = 0.004918866160862301 | optics_measurements.phase
   INFO | Phase advance beating in phase_driven_x.tfs = 0.005182944627793007 | optics_measurements.phase
   INFO | Phase advance beating in total_phase_driven_x.tfs = 0.004981468450457935 | optics_measurements.phase
   INFO | Errors from 3BPM method | optics_measurements.beta_from_phase
   INFO |  - RMS beta beat: 9.036% | optics_measurements.beta_from_phase
   INFO | -- Run phase calculation with requested compensation | optics_measurements.phase
   INFO | Calculating phase advances | optics_measurements.phase
   INFO | Measured tune in plane Y = 0.13999176025371796 | optics_measurements.phase
   INFO | -- Run phase calculation without compensation | optics_measurements.phase
   INFO | Calculating phase advances | optics_measurements.phase
   INFO | Measured tune in plane Y = 0.13999176025371796 | optics_measurements.phase
   INFO | Writing phases: 4 | optics_measurements.phase
   INFO | Phase advance beating in phase_y.tfs = 0.0023480851700922655 | optics_measurements.phase
   INFO | Phase advance beating in total_phase_y.tfs = 0.0021689706957858735 | optics_measurements.phase
   INFO | Phase advance beating in phase_driven_y.tfs = 0.0023482824445715455 | optics_measurements.phase
   INFO | Phase advance beating in total_phase_driven_y.tfs = 0.0022137984335041635 | optics_measurements.phase
   INFO | Errors from 3BPM method | optics_measurements.beta_from_phase
   INFO |  - RMS beta beat: 5.567% | optics_measurements.beta_from_phase
   INFO | Calculating coupling | optics_measurements.coupling
   INFO | |C-| (approx) = 0.00864, tune_sep = 0.101, from Eq.1 in PRSTAB 17,051004 | optics_measurements.coupling
   INFO | |C-| (exact)  = 0.00743, from Eq.2 w/o i*s*Delta/R in PRSTAB 17,051004 | optics_measurements.coupling
