   INFO | Calculating optics parameters - code version 0.29.0 | optics_measurements.measure_optics
   INFO | -- Run phase calculation with requested compensation | optics_measurements.phase
   INFO | Calculating phase advances | optics_measurements.phase
   INFO | Measured tune in plane X = 0.16519165039099998 | optics_measurements.phase
   INFO | -- Run phase calculation without compensation | optics_measurements.phase
   INFO | Calculating phase advances | optics_measurements.phase
   INFO | Measured tune in plane X = 0.16519165039099998 | optics_measurements.phase
   INFO | Writing phases: 4 | optics_measurements.phase
   INFO | Phase advance beating in phase_x.tfs = 0.0029331896369452397 | optics_measurements.phase
   INFO | Phase advance beating in total_phase_x.tfs = 0.002733328373833929 | optics_measurements.phase
   INFO | Phase advance beating in phase_driven_x.tfs = 0.002932556484018477 | optics_measurements.phase
   INFO | Phase advance beating in total_phase_driven_x.tfs = 0.002746548504963617 | optics_measurements.phase
   INFO | Errors from 3BPM method | optics_measurements.beta_from_phase
   INFO |  - RMS beta beat: 7.981% | optics_measurements.beta_from_phase
   INFO | -- Run phase calculation with requested compensation | optics_measurements.phase
   INFO | Calculating phase advances | optics_measurements.phase
   INFO | Measured tune in plane Y = 0.22460767957900002 | optics_measurements.phase
   INFO | -- Run phase calculation without compensation | optics_measurements.phase
   INFO | Calculating phase advances | optics_measurements.phase
   INFO | Measured tune in plane Y = 0.22460767957900002 | optics_measurements.phase
   INFO | Writing phases: 4 | optics_measurements.phase
   INFO | Phase advance beating in phase_y.tfs = 0.0028695982234863662 | optics_measurements.phase
   INFO | Phase advance beating in total_phase_y.tfs = 0.002459800314908599 | optics_measurements.phase
   INFO | Phase advance beating in phase_driven_y.tfs = 0.002846483677354802 | optics_measurements.phase
   INFO | Phase advance beating in total_phase_driven_y.tfs = 0.0024700505878144804 | optics_measurements.phase
   INFO | Errors from 3BPM method | optics_measurements.beta_from_phase
   INFO |  - RMS beta beat: 6.181% | optics_measurements.beta_from_phase
   INFO | Calculating coupling | optics_measurements.coupling
   INFO | |C-| (approx) = 0.00629, tune_sep = 0.052, from Eq.1 in PRSTAB 17,051004 | optics_measurements.coupling
   INFO | |C-| (exact)  = 0.00546, from Eq.2 w/o i*s*Delta/R in PRSTAB 17,051004 | optics_measurements.coupling
