
  ++++++++++++++++++++++++++++++++++++++++++++
  +     MAD-X 5.09.01  (64 bit, Linux)       +
  + Support: mad@cern.ch, http://cern.ch/mad +
  + Release   date: 2023.12.04               +
  + Execution date: 2026.09.11 22:55:29      +
  ++++++++++++++++++++++++++++++++++++++++++++
TITLE, 'BOOSTER lattice';

SET,   format="20.10f";



! --------------------------------------------------------------------------------------------------

! ---Energy and particle type ----------------------------------------------------------------------

! --------------------------------------------------------------------------------------------------



if (0 == 1) {

    beam_Ek=0;

    beam_Etot = beam_Ek + pmass;

    beam_pc = sqrt(beam_Etot*beam_Etot - pmass*pmass);



    BEAM, PARTICLE=PROTON, PC=beam_pc;

} else {

    CALL, file="/afs/cern.ch/eng/acc-models/psb/2026/scenarios/lhc_indiv/1_flat_bottom/psb_fb_lhcindiv.beam";

};

BEAM, PARTICLE=PROTON, PC = 0.571;


BRHO := BEAM->PC * 3.3356;





! --------------------------------------------------------------------------------------------------

! --- Call lattice files ---------------------------------------------------------------------------

! --------------------------------------------------------------------------------------------------

OPTION, -echo;

++++++ warning: Not possible to update attribute for element in sequence definition:  br.bhz11
++++++ warning: Not possible to update attribute for element in sequence definition:  br.spscrap11
++++++ warning: Not possible to update attribute for element in sequence definition:  br.spscrap11
++++++ warning: Not possible to update attribute for element in sequence definition:  br.qfo11
++++++ warning: Not possible to update attribute for element in sequence definition:  br.qde1
++++++ warning: Not possible to update attribute for element in sequence definition:  br.qfo12
++++++ warning: Not possible to update attribute for element in sequence definition:  br.stscrap12
++++++ warning: Not possible to update attribute for element in sequence definition:  br.stscrap12
++++++ warning: Not possible to update attribute for element in sequence definition:  br.bhz12
++++++ warning: Not possible to update attribute for element in sequence definition:  br.bhz21
++++++ warning: Not possible to update attribute for element in sequence definition:  br.stscrap21
++++++ warning: Not possible to update attribute for element in sequence definition:  br.stscrap21
++++++ warning: Not possible to update attribute for element in sequence definition:  br.qfo21
++++++ warning: Not possible to update attribute for element in sequence definition:  br.qde2
++++++ warning: Not possible to update attribute for element in sequence definition:  br.qfo22
++++++ warning: Not possible to update attribute for element in sequence definition:  br.stscrap22
++++++ warning: Not possible to update attribute for element in sequence definition:  br.stscrap22
++++++ warning: Not possible to update attribute for element in sequence definition:  br.bhz22
++++++ warning: Not possible to update attribute for element in sequence definition:  br.bhz31
++++++ warning: Not possible to update attribute for element in sequence definition:  br.stscrap31
++++++ warning: Not possible to update attribute for element in sequence definition:  br.stscrap31
++++++ warning: Not possible to update attribute for element in sequence definition:  br.qfo31
++++++ warning: Not possible to update attribute for element in sequence definition:  br.qde3
++++++ warning: Not possible to update attribute for element in sequence definition:  br.qfo32
++++++ warning: Not possible to update attribute for element in sequence definition:  br.stscrap32
++++++ warning: Not possible to update attribute for element in sequence definition:  br.stscrap32
++++++ warning: Not possible to update attribute for element in sequence definition:  br.bhz32
++++++ warning: Not possible to update attribute for element in sequence definition:  br.bhz41
++++++ warning: Not possible to update attribute for element in sequence definition:  br.stscrap41
++++++ warning: Not possible to update attribute for element in sequence definition:  br.stscrap41
++++++ warning: Not possible to update attribute for element in sequence definition:  br.qfo41
++++++ warning: Not possible to update attribute for element in sequence definition:  br.qde4
++++++ warning: Not possible to update attribute for element in sequence definition:  br.qfo42
++++++ warning: Not possible to update attribute for element in sequence definition:  br.stscrap42
++++++ warning: Not possible to update attribute for element in sequence definition:  br.stscrap42
++++++ warning: Not possible to update attribute for element in sequence definition:  br.bhz42
++++++ warning: Not possible to update attribute for element in sequence definition:  br.bhz51
++++++ warning: Not possible to update attribute for element in sequence definition:  br.stscrap51
++++++ warning: Not possible to update attribute for element in sequence definition:  br.stscrap51
++++++ warning: Not possible to update attribute for element in sequence definition:  br.qfo51
++++++ warning: Not possible to update attribute for element in sequence definition:  br.qde5
++++++ warning: Not possible to update attribute for element in sequence definition:  br.qfo52
++++++ warning: Not possible to update attribute for element in sequence definition:  br.stscrap52
++++++ warning: Not possible to update attribute for element in sequence definition:  br.stscrap52
++++++ warning: Not possible to update attribute for element in sequence definition:  br.bhz52
++++++ warning: Not possible to update attribute for element in sequence definition:  br.bhz61
++++++ warning: Not possible to update attribute for element in sequence definition:  br.stscrap61
++++++ warning: Not possible to update attribute for element in sequence definition:  br.stscrap61
++++++ warning: Not possible to update attribute for element in sequence definition:  br.qfo61
++++++ warning: Not possible to update attribute for element in sequence definition:  br.qde6
++++++ warning: Not possible to update attribute for element in sequence definition:  br.qfo62
++++++ warning: Not possible to update attribute for element in sequence definition:  br.stscrap62
++++++ warning: Not possible to update attribute for element in sequence definition:  br.stscrap62
++++++ warning: Not possible to update attribute for element in sequence definition:  br.bhz62
++++++ warning: Not possible to update attribute for element in sequence definition:  br.bhz71
++++++ warning: Not possible to update attribute for element in sequence definition:  br.stscrap71
++++++ warning: Not possible to update attribute for element in sequence definition:  br.stscrap71
++++++ warning: Not possible to update attribute for element in sequence definition:  br.qfo71
++++++ warning: Not possible to update attribute for element in sequence definition:  br.qde7
++++++ warning: Not possible to update attribute for element in sequence definition:  br.qfo72
++++++ warning: Not possible to update attribute for element in sequence definition:  br.stscrap72
++++++ warning: Not possible to update attribute for element in sequence definition:  br.stscrap72
++++++ warning: Not possible to update attribute for element in sequence definition:  br.bhz72
++++++ warning: Not possible to update attribute for element in sequence definition:  br.bhz81
++++++ warning: Not possible to update attribute for element in sequence definition:  br.stscrap81
++++++ warning: Not possible to update attribute for element in sequence definition:  br.stscrap81
++++++ warning: Not possible to update attribute for element in sequence definition:  br.qfo81
++++++ warning: Not possible to update attribute for element in sequence definition:  br.qde8
++++++ warning: Not possible to update attribute for element in sequence definition:  br.qfo82
++++++ warning: Not possible to update attribute for element in sequence definition:  br.stscrap82
++++++ warning: Not possible to update attribute for element in sequence definition:  br.stscrap82
++++++ warning: Not possible to update attribute for element in sequence definition:  br.bhz82
++++++ warning: Not possible to update attribute for element in sequence definition:  br.bhz91
++++++ warning: Not possible to update attribute for element in sequence definition:  br.stscrap91
++++++ warning: Not possible to update attribute for element in sequence definition:  br.stscrap91
++++++ warning: Not possible to update attribute for element in sequence definition:  br.qfo91
++++++ warning: Not possible to update attribute for element in sequence definition:  br.qde9
++++++ warning: Not possible to update attribute for element in sequence definition:  br.qfo92
++++++ warning: Not possible to update attribute for element in sequence definition:  br.stscrap92
++++++ warning: Not possible to update attribute for element in sequence definition:  br.stscrap92
++++++ warning: Not possible to update attribute for element in sequence definition:  br.bhz92
++++++ warning: Not possible to update attribute for element in sequence definition:  br.bhz101
++++++ warning: Not possible to update attribute for element in sequence definition:  br.stscrap101
++++++ warning: Not possible to update attribute for element in sequence definition:  br.stscrap101
++++++ warning: Not possible to update attribute for element in sequence definition:  br.qfo101
++++++ warning: Not possible to update attribute for element in sequence definition:  br.qde10
++++++ warning: Not possible to update attribute for element in sequence definition:  br.qfo102
++++++ warning: Not possible to update attribute for element in sequence definition:  br.stscrap102
++++++ warning: Not possible to update attribute for element in sequence definition:  br.stscrap102
++++++ warning: Not possible to update attribute for element in sequence definition:  br.bhz102
++++++ warning: Not possible to update attribute for element in sequence definition:  br.bhz111
++++++ warning: Not possible to update attribute for element in sequence definition:  br.stscrap111
++++++ warning: Not possible to update attribute for element in sequence definition:  br.stscrap111
++++++ warning: Not possible to update attribute for element in sequence definition:  br.qfo111
++++++ warning: Not possible to update attribute for element in sequence definition:  br.qde11
++++++ warning: Not possible to update attribute for element in sequence definition:  br.qfo112
++++++ warning: Not possible to update attribute for element in sequence definition:  br.stscrap112
++++++ warning: Not possible to update attribute for element in sequence definition:  br.stscrap112
++++++ warning: Not possible to update attribute for element in sequence definition:  br.bhz112
++++++ warning: Not possible to update attribute for element in sequence definition:  br.bhz121
++++++ warning: Not possible to update attribute for element in sequence definition:  br.stscrap121
++++++ warning: Not possible to update attribute for element in sequence definition:  br.stscrap121
++++++ warning: Not possible to update attribute for element in sequence definition:  br.qfo121
++++++ warning: Not possible to update attribute for element in sequence definition:  br.qde12
++++++ warning: Not possible to update attribute for element in sequence definition:  br.qfo122
++++++ warning: Not possible to update attribute for element in sequence definition:  br.stscrap122
++++++ warning: Not possible to update attribute for element in sequence definition:  br.stscrap122
++++++ warning: Not possible to update attribute for element in sequence definition:  br.bhz122
++++++ warning: Not possible to update attribute for element in sequence definition:  br.bhz131
++++++ warning: Not possible to update attribute for element in sequence definition:  br.stscrap131
++++++ warning: Not possible to update attribute for element in sequence definition:  br.stscrap131
++++++ warning: Not possible to update attribute for element in sequence definition:  br.qfo131
++++++ warning: Not possible to update attribute for element in sequence definition:  br.qde13
++++++ warning: Not possible to update attribute for element in sequence definition:  br.qfo132
++++++ warning: Not possible to update attribute for element in sequence definition:  br.stscrap132
++++++ warning: Not possible to update attribute for element in sequence definition:  br.stscrap132
++++++ warning: Not possible to update attribute for element in sequence definition:  br.bhz132
++++++ warning: Not possible to update attribute for element in sequence definition:  br.bhz141
++++++ warning: Not possible to update attribute for element in sequence definition:  br.stscrap141
++++++ warning: Not possible to update attribute for element in sequence definition:  br.stscrap141
++++++ warning: Not possible to update attribute for element in sequence definition:  br.qfo141
++++++ warning: Not possible to update attribute for element in sequence definition:  br.qde14
++++++ warning: Not possible to update attribute for element in sequence definition:  br.qfo142
++++++ warning: Not possible to update attribute for element in sequence definition:  br.spscrap142
++++++ warning: Not possible to update attribute for element in sequence definition:  br.spscrap142
++++++ warning: Not possible to update attribute for element in sequence definition:  br.bhz142
++++++ warning: Not possible to update attribute for element in sequence definition:  br.bhz151
++++++ warning: Not possible to update attribute for element in sequence definition:  br.spscrap151
++++++ warning: Not possible to update attribute for element in sequence definition:  br.spscrap151
++++++ warning: Not possible to update attribute for element in sequence definition:  br.qfo151
++++++ warning: Not possible to update attribute for element in sequence definition:  br.qde15
++++++ warning: Not possible to update attribute for element in sequence definition:  br.qfo152
++++++ warning: Not possible to update attribute for element in sequence definition:  br.stscrap152
++++++ warning: Not possible to update attribute for element in sequence definition:  br.stscrap152
++++++ warning: Not possible to update attribute for element in sequence definition:  br.bhz152
++++++ warning: Not possible to update attribute for element in sequence definition:  br.bhz161
++++++ warning: Not possible to update attribute for element in sequence definition:  br.stscrap161
++++++ warning: Not possible to update attribute for element in sequence definition:  br.stscrap161
++++++ warning: Not possible to update attribute for element in sequence definition:  br.qfo161
++++++ warning: Not possible to update attribute for element in sequence definition:  br.qde16
++++++ warning: Not possible to update attribute for element in sequence definition:  br.qfo162
++++++ warning: Not possible to update attribute for element in sequence definition:  br.stscrap162
++++++ warning: Not possible to update attribute for element in sequence definition:  br.stscrap162
++++++ warning: Not possible to update attribute for element in sequence definition:  br.bhz162
++++++ warning: Not possible to update attribute for element in sequence definition:  br.bhz11
++++++ warning: Not possible to update attribute for element in sequence definition:  br.spscrap11
++++++ warning: Not possible to update attribute for element in sequence definition:  br.spscrap11
++++++ warning: Not possible to update attribute for element in sequence definition:  br.qfo11
++++++ warning: Not possible to update attribute for element in sequence definition:  br.qde1
++++++ warning: Not possible to update attribute for element in sequence definition:  br.qfo12
++++++ warning: Not possible to update attribute for element in sequence definition:  br.stscrap12
++++++ warning: Not possible to update attribute for element in sequence definition:  br.stscrap12
++++++ warning: Not possible to update attribute for element in sequence definition:  br.bhz12
++++++ warning: Not possible to update attribute for element in sequence definition:  br.bhz21
++++++ warning: Not possible to update attribute for element in sequence definition:  br.stscrap21
++++++ warning: Not possible to update attribute for element in sequence definition:  br.stscrap21
++++++ warning: Not possible to update attribute for element in sequence definition:  br.qfo21
++++++ warning: Not possible to update attribute for element in sequence definition:  br.qde2
++++++ warning: Not possible to update attribute for element in sequence definition:  br.qfo22
++++++ warning: Not possible to update attribute for element in sequence definition:  br.stscrap22
++++++ warning: Not possible to update attribute for element in sequence definition:  br.stscrap22
++++++ warning: Not possible to update attribute for element in sequence definition:  br.bhz22
++++++ warning: Not possible to update attribute for element in sequence definition:  br.bhz31
++++++ warning: Not possible to update attribute for element in sequence definition:  br.stscrap31
++++++ warning: Not possible to update attribute for element in sequence definition:  br.stscrap31
++++++ warning: Not possible to update attribute for element in sequence definition:  br.qfo31
++++++ warning: Not possible to update attribute for element in sequence definition:  br.qde3
++++++ warning: Not possible to update attribute for element in sequence definition:  br.qfo32
++++++ warning: Not possible to update attribute for element in sequence definition:  br.stscrap32
++++++ warning: Not possible to update attribute for element in sequence definition:  br.stscrap32
++++++ warning: Not possible to update attribute for element in sequence definition:  br.bhz32
++++++ warning: Not possible to update attribute for element in sequence definition:  br.bhz41
++++++ warning: Not possible to update attribute for element in sequence definition:  br.stscrap41
++++++ warning: Not possible to update attribute for element in sequence definition:  br.stscrap41
++++++ warning: Not possible to update attribute for element in sequence definition:  br.qfo41
++++++ warning: Not possible to update attribute for element in sequence definition:  br.qde4
++++++ warning: Not possible to update attribute for element in sequence definition:  br.qfo42
++++++ warning: Not possible to update attribute for element in sequence definition:  br.stscrap42
++++++ warning: Not possible to update attribute for element in sequence definition:  br.stscrap42
++++++ warning: Not possible to update attribute for element in sequence definition:  br.bhz42
++++++ warning: Not possible to update attribute for element in sequence definition:  br.bhz51
++++++ warning: Not possible to update attribute for element in sequence definition:  br.stscrap51
++++++ warning: Not possible to update attribute for element in sequence definition:  br.stscrap51
++++++ warning: Not possible to update attribute for element in sequence definition:  br.qfo51
++++++ warning: Not possible to update attribute for element in sequence definition:  br.qde5
++++++ warning: Not possible to update attribute for element in sequence definition:  br.qfo52
++++++ warning: Not possible to update attribute for element in sequence definition:  br.stscrap52
++++++ warning: Not possible to update attribute for element in sequence definition:  br.stscrap52
++++++ warning: Not possible to update attribute for element in sequence definition:  br.bhz52
++++++ warning: Not possible to update attribute for element in sequence definition:  br.bhz61
++++++ warning: Not possible to update attribute for element in sequence definition:  br.stscrap61
++++++ warning: Not possible to update attribute for element in sequence definition:  br.stscrap61
++++++ warning: Not possible to update attribute for element in sequence definition:  br.qfo61
++++++ warning: Not possible to update attribute for element in sequence definition:  br.qde6
++++++ warning: Not possible to update attribute for element in sequence definition:  br.qfo62
++++++ warning: Not possible to update attribute for element in sequence definition:  br.stscrap62
++++++ warning: Not possible to update attribute for element in sequence definition:  br.stscrap62
++++++ warning: Not possible to update attribute for element in sequence definition:  br.bhz62
++++++ warning: Not possible to update attribute for element in sequence definition:  br.bhz71
++++++ warning: Not possible to update attribute for element in sequence definition:  br.stscrap71
++++++ warning: Not possible to update attribute for element in sequence definition:  br.stscrap71
++++++ warning: Not possible to update attribute for element in sequence definition:  br.qfo71
++++++ warning: Not possible to update attribute for element in sequence definition:  br.qde7
++++++ warning: Not possible to update attribute for element in sequence definition:  br.qfo72
++++++ warning: Not possible to update attribute for element in sequence definition:  br.stscrap72
++++++ warning: Not possible to update attribute for element in sequence definition:  br.stscrap72
++++++ warning: Not possible to update attribute for element in sequence definition:  br.bhz72
++++++ warning: Not possible to update attribute for element in sequence definition:  br.bhz81
++++++ warning: Not possible to update attribute for element in sequence definition:  br.stscrap81
++++++ warning: Not possible to update attribute for element in sequence definition:  br.stscrap81
++++++ warning: Not possible to update attribute for element in sequence definition:  br.qfo81
++++++ warning: Not possible to update attribute for element in sequence definition:  br.qde8
++++++ warning: Not possible to update attribute for element in sequence definition:  br.qfo82
++++++ warning: Not possible to update attribute for element in sequence definition:  br.stscrap82
++++++ warning: Not possible to update attribute for element in sequence definition:  br.stscrap82
++++++ warning: Not possible to update attribute for element in sequence definition:  br.bhz82
++++++ warning: Not possible to update attribute for element in sequence definition:  br.bhz91
++++++ warning: Not possible to update attribute for element in sequence definition:  br.stscrap91
++++++ warning: Not possible to update attribute for element in sequence definition:  br.stscrap91
++++++ warning: Not possible to update attribute for element in sequence definition:  br.qfo91
++++++ warning: Not possible to update attribute for element in sequence definition:  br.qde9
++++++ warning: Not possible to update attribute for element in sequence definition:  br.qfo92
++++++ warning: Not possible to update attribute for element in sequence definition:  br.stscrap92
++++++ warning: Not possible to update attribute for element in sequence definition:  br.stscrap92
++++++ warning: Not possible to update attribute for element in sequence definition:  br.bhz92
++++++ warning: Not possible to update attribute for element in sequence definition:  br.bhz101
++++++ warning: Not possible to update attribute for element in sequence definition:  br.stscrap101
++++++ warning: Not possible to update attribute for element in sequence definition:  br.stscrap101
++++++ warning: Not possible to update attribute for element in sequence definition:  br.qfo101
++++++ warning: Not possible to update attribute for element in sequence definition:  br.qde10
++++++ warning: Not possible to update attribute for element in sequence definition:  br.qfo102
++++++ warning: Not possible to update attribute for element in sequence definition:  br.stscrap102
++++++ warning: Not possible to update attribute for element in sequence definition:  br.stscrap102
++++++ warning: Not possible to update attribute for element in sequence definition:  br.bhz102
++++++ warning: Not possible to update attribute for element in sequence definition:  br.bhz111
++++++ warning: Not possible to update attribute for element in sequence definition:  br.stscrap111
++++++ warning: Not possible to update attribute for element in sequence definition:  br.stscrap111
++++++ warning: Not possible to update attribute for element in sequence definition:  br.qfo111
++++++ warning: Not possible to update attribute for element in sequence definition:  br.qde11
++++++ warning: Not possible to update attribute for element in sequence definition:  br.qfo112
++++++ warning: Not possible to update attribute for element in sequence definition:  br.stscrap112
++++++ warning: Not possible to update attribute for element in sequence definition:  br.stscrap112
++++++ warning: Not possible to update attribute for element in sequence definition:  br.bhz112
++++++ warning: Not possible to update attribute for element in sequence definition:  br.bhz121
++++++ warning: Not possible to update attribute for element in sequence definition:  br.stscrap121
++++++ warning: Not possible to update attribute for element in sequence definition:  br.stscrap121
++++++ warning: Not possible to update attribute for element in sequence definition:  br.qfo121
++++++ warning: Not possible to update attribute for element in sequence definition:  br.qde12
++++++ warning: Not possible to update attribute for element in sequence definition:  br.qfo122
++++++ warning: Not possible to update attribute for element in sequence definition:  br.stscrap122
++++++ warning: Not possible to update attribute for element in sequence definition:  br.stscrap122
++++++ warning: Not possible to update attribute for element in sequence definition:  br.bhz122
++++++ warning: Not possible to update attribute for element in sequence definition:  br.bhz131
++++++ warning: Not possible to update attribute for element in sequence definition:  br.stscrap131
++++++ warning: Not possible to update attribute for element in sequence definition:  br.stscrap131
++++++ warning: Not possible to update attribute for element in sequence definition:  br.qfo131
++++++ warning: Not possible to update attribute for element in sequence definition:  br.qde13
++++++ warning: Not possible to update attribute for element in sequence definition:  br.qfo132
++++++ warning: Not possible to update attribute for element in sequence definition:  br.stscrap132
++++++ warning: Not possible to update attribute for element in sequence definition:  br.stscrap132
++++++ warning: Not possible to update attribute for element in sequence definition:  br.bhz132
++++++ warning: Not possible to update attribute for element in sequence definition:  br.bhz141
++++++ warning: Not possible to update attribute for element in sequence definition:  br.stscrap141
++++++ warning: Not possible to update attribute for element in sequence definition:  br.stscrap141
++++++ warning: Not possible to update attribute for element in sequence definition:  br.qfo141
++++++ warning: Not possible to update attribute for element in sequence definition:  br.qde14
++++++ warning: Not possible to update attribute for element in sequence definition:  br.qfo142
++++++ warning: Not possible to update attribute for element in sequence definition:  br.spscrap142
++++++ warning: Not possible to update attribute for element in sequence definition:  br.spscrap142
++++++ warning: Not possible to update attribute for element in sequence definition:  br.bhz142
++++++ warning: Not possible to update attribute for element in sequence definition:  br.bhz151
++++++ warning: Not possible to update attribute for element in sequence definition:  br.spscrap151
++++++ warning: Not possible to update attribute for element in sequence definition:  br.spscrap151
++++++ warning: Not possible to update attribute for element in sequence definition:  br.qfo151
++++++ warning: Not possible to update attribute for element in sequence definition:  br.qde15
++++++ warning: Not possible to update attribute for element in sequence definition:  br.qfo152
++++++ warning: Not possible to update attribute for element in sequence definition:  br.stscrap152
++++++ warning: Not possible to update attribute for element in sequence definition:  br.stscrap152
++++++ warning: Not possible to update attribute for element in sequence definition:  br.bhz152
++++++ warning: Not possible to update attribute for element in sequence definition:  br.bhz161
++++++ warning: Not possible to update attribute for element in sequence definition:  br.stscrap161
++++++ warning: Not possible to update attribute for element in sequence definition:  br.stscrap161
++++++ warning: Not possible to update attribute for element in sequence definition:  br.qfo161
++++++ warning: Not possible to update attribute for element in sequence definition:  br.qde16
++++++ warning: Not possible to update attribute for element in sequence definition:  br.qfo162
++++++ warning: Not possible to update attribute for element in sequence definition:  br.stscrap162
++++++ warning: Not possible to update attribute for element in sequence definition:  br.stscrap162
++++++ warning: Not possible to update attribute for element in sequence definition:  br.bhz162
++++++ warning: Not possible to update attribute for element in sequence definition:  br.bhz11
++++++ warning: Not possible to update attribute for element in sequence definition:  br.spscrap11
++++++ warning: Not possible to update attribute for element in sequence definition:  br.spscrap11
++++++ warning: Not possible to update attribute for element in sequence definition:  br.qfo11
++++++ warning: Not possible to update attribute for element in sequence definition:  br.qde1
++++++ warning: Not possible to update attribute for element in sequence definition:  br.qfo12
++++++ warning: Not possible to update attribute for element in sequence definition:  br.stscrap12
++++++ warning: Not possible to update attribute for element in sequence definition:  br.stscrap12
++++++ warning: Not possible to update attribute for element in sequence definition:  br.bhz12
++++++ warning: Not possible to update attribute for element in sequence definition:  br.bhz21
++++++ warning: Not possible to update attribute for element in sequence definition:  br.stscrap21
++++++ warning: Not possible to update attribute for element in sequence definition:  br.stscrap21
++++++ warning: Not possible to update attribute for element in sequence definition:  br.qfo21
++++++ warning: Not possible to update attribute for element in sequence definition:  br.qde2
++++++ warning: Not possible to update attribute for element in sequence definition:  br.qfo22
++++++ warning: Not possible to update attribute for element in sequence definition:  br.stscrap22
++++++ warning: Not possible to update attribute for element in sequence definition:  br.stscrap22
++++++ warning: Not possible to update attribute for element in sequence definition:  br.bhz22
++++++ warning: Not possible to update attribute for element in sequence definition:  br.bhz31
++++++ warning: Not possible to update attribute for element in sequence definition:  br.stscrap31
++++++ warning: Not possible to update attribute for element in sequence definition:  br.stscrap31
++++++ warning: Not possible to update attribute for element in sequence definition:  br.qfo31
++++++ warning: Not possible to update attribute for element in sequence definition:  br.qde3
++++++ warning: Not possible to update attribute for element in sequence definition:  br.qfo32
++++++ warning: Not possible to update attribute for element in sequence definition:  br.stscrap32
++++++ warning: Not possible to update attribute for element in sequence definition:  br.stscrap32
++++++ warning: Not possible to update attribute for element in sequence definition:  br.bhz32
++++++ warning: Not possible to update attribute for element in sequence definition:  br.bhz41
++++++ warning: Not possible to update attribute for element in sequence definition:  br.stscrap41
++++++ warning: Not possible to update attribute for element in sequence definition:  br.stscrap41
++++++ warning: Not possible to update attribute for element in sequence definition:  br.qfo41
++++++ warning: Not possible to update attribute for element in sequence definition:  br.qde4
++++++ warning: Not possible to update attribute for element in sequence definition:  br.qfo42
++++++ warning: Not possible to update attribute for element in sequence definition:  br.stscrap42
++++++ warning: Not possible to update attribute for element in sequence definition:  br.stscrap42
++++++ warning: Not possible to update attribute for element in sequence definition:  br.bhz42
++++++ warning: Not possible to update attribute for element in sequence definition:  br.bhz51
++++++ warning: Not possible to update attribute for element in sequence definition:  br.stscrap51
++++++ warning: Not possible to update attribute for element in sequence definition:  br.stscrap51
++++++ warning: Not possible to update attribute for element in sequence definition:  br.qfo51
++++++ warning: Not possible to update attribute for element in sequence definition:  br.qde5
++++++ warning: Not possible to update attribute for element in sequence definition:  br.qfo52
++++++ warning: Not possible to update attribute for element in sequence definition:  br.stscrap52
++++++ warning: Not possible to update attribute for element in sequence definition:  br.stscrap52
++++++ warning: Not possible to update attribute for element in sequence definition:  br.bhz52
++++++ warning: Not possible to update attribute for element in sequence definition:  br.bhz61
++++++ warning: Not possible to update attribute for element in sequence definition:  br.stscrap61
++++++ warning: Not possible to update attribute for element in sequence definition:  br.stscrap61
++++++ warning: Not possible to update attribute for element in sequence definition:  br.qfo61
++++++ warning: Not possible to update attribute for element in sequence definition:  br.qde6
++++++ warning: Not possible to update attribute for element in sequence definition:  br.qfo62
++++++ warning: Not possible to update attribute for element in sequence definition:  br.stscrap62
++++++ warning: Not possible to update attribute for element in sequence definition:  br.stscrap62
++++++ warning: Not possible to update attribute for element in sequence definition:  br.bhz62
++++++ warning: Not possible to update attribute for element in sequence definition:  br.bhz71
++++++ warning: Not possible to update attribute for element in sequence definition:  br.stscrap71
++++++ warning: Not possible to update attribute for element in sequence definition:  br.stscrap71
++++++ warning: Not possible to update attribute for element in sequence definition:  br.qfo71
++++++ warning: Not possible to update attribute for element in sequence definition:  br.qde7
++++++ warning: Not possible to update attribute for element in sequence definition:  br.qfo72
++++++ warning: Not possible to update attribute for element in sequence definition:  br.stscrap72
++++++ warning: Not possible to update attribute for element in sequence definition:  br.stscrap72
++++++ warning: Not possible to update attribute for element in sequence definition:  br.bhz72
++++++ warning: Not possible to update attribute for element in sequence definition:  br.bhz81
++++++ warning: Not possible to update attribute for element in sequence definition:  br.stscrap81
++++++ warning: Not possible to update attribute for element in sequence definition:  br.stscrap81
++++++ warning: Not possible to update attribute for element in sequence definition:  br.qfo81
++++++ warning: Not possible to update attribute for element in sequence definition:  br.qde8
++++++ warning: Not possible to update attribute for element in sequence definition:  br.qfo82
++++++ warning: Not possible to update attribute for element in sequence definition:  br.stscrap82
++++++ warning: Not possible to update attribute for element in sequence definition:  br.stscrap82
++++++ warning: Not possible to update attribute for element in sequence definition:  br.bhz82
++++++ warning: Not possible to update attribute for element in sequence definition:  br.bhz91
++++++ warning: Not possible to update attribute for element in sequence definition:  br.stscrap91
++++++ warning: Not possible to update attribute for element in sequence definition:  br.stscrap91
++++++ warning: Not possible to update attribute for element in sequence definition:  br.qfo91
++++++ warning: Not possible to update attribute for element in sequence definition:  br.qde9
++++++ warning: Not possible to update attribute for element in sequence definition:  br.qfo92
++++++ warning: Not possible to update attribute for element in sequence definition:  br.stscrap92
++++++ warning: Not possible to update attribute for element in sequence definition:  br.stscrap92
++++++ warning: Not possible to update attribute for element in sequence definition:  br.bhz92
++++++ warning: Not possible to update attribute for element in sequence definition:  br.bhz101
++++++ warning: Not possible to update attribute for element in sequence definition:  br.stscrap101
++++++ warning: Not possible to update attribute for element in sequence definition:  br.stscrap101
++++++ warning: Not possible to update attribute for element in sequence definition:  br.qfo101
++++++ warning: Not possible to update attribute for element in sequence definition:  br.qde10
++++++ warning: Not possible to update attribute for element in sequence definition:  br.qfo102
++++++ warning: Not possible to update attribute for element in sequence definition:  br.stscrap102
++++++ warning: Not possible to update attribute for element in sequence definition:  br.stscrap102
++++++ warning: Not possible to update attribute for element in sequence definition:  br.bhz102
++++++ warning: Not possible to update attribute for element in sequence definition:  br.bhz111
++++++ warning: Not possible to update attribute for element in sequence definition:  br.stscrap111
++++++ warning: Not possible to update attribute for element in sequence definition:  br.stscrap111
++++++ warning: Not possible to update attribute for element in sequence definition:  br.qfo111
++++++ warning: Not possible to update attribute for element in sequence definition:  br.qde11
++++++ warning: Not possible to update attribute for element in sequence definition:  br.qfo112
++++++ warning: Not possible to update attribute for element in sequence definition:  br.stscrap112
++++++ warning: Not possible to update attribute for element in sequence definition:  br.stscrap112
++++++ warning: Not possible to update attribute for element in sequence definition:  br.bhz112
++++++ warning: Not possible to update attribute for element in sequence definition:  br.bhz121
++++++ warning: Not possible to update attribute for element in sequence definition:  br.stscrap121
++++++ warning: Not possible to update attribute for element in sequence definition:  br.stscrap121
++++++ warning: Not possible to update attribute for element in sequence definition:  br.qfo121
++++++ warning: Not possible to update attribute for element in sequence definition:  br.qde12
++++++ warning: Not possible to update attribute for element in sequence definition:  br.qfo122
++++++ warning: Not possible to update attribute for element in sequence definition:  br.stscrap122
++++++ warning: Not possible to update attribute for element in sequence definition:  br.stscrap122
++++++ warning: Not possible to update attribute for element in sequence definition:  br.bhz122
++++++ warning: Not possible to update attribute for element in sequence definition:  br.bhz131
++++++ warning: Not possible to update attribute for element in sequence definition:  br.stscrap131
++++++ warning: Not possible to update attribute for element in sequence definition:  br.stscrap131
++++++ warning: Not possible to update attribute for element in sequence definition:  br.qfo131
++++++ warning: Not possible to update attribute for element in sequence definition:  br.qde13
++++++ warning: Not possible to update attribute for element in sequence definition:  br.qfo132
++++++ warning: Not possible to update attribute for element in sequence definition:  br.stscrap132
++++++ warning: Not possible to update attribute for element in sequence definition:  br.stscrap132
++++++ warning: Not possible to update attribute for element in sequence definition:  br.bhz132
++++++ warning: Not possible to update attribute for element in sequence definition:  br.bhz141
++++++ warning: Not possible to update attribute for element in sequence definition:  br.stscrap141
++++++ warning: Not possible to update attribute for element in sequence definition:  br.stscrap141
++++++ warning: Not possible to update attribute for element in sequence definition:  br.qfo141
++++++ warning: Not possible to update attribute for element in sequence definition:  br.qde14
++++++ warning: Not possible to update attribute for element in sequence definition:  br.qfo142
++++++ warning: Not possible to update attribute for element in sequence definition:  br.spscrap142
++++++ warning: Not possible to update attribute for element in sequence definition:  br.spscrap142
++++++ warning: Not possible to update attribute for element in sequence definition:  br.bhz142
++++++ warning: Not possible to update attribute for element in sequence definition:  br.bhz151
++++++ warning: Not possible to update attribute for element in sequence definition:  br.spscrap151
++++++ warning: Not possible to update attribute for element in sequence definition:  br.spscrap151
++++++ warning: Not possible to update attribute for element in sequence definition:  br.qfo151
++++++ warning: Not possible to update attribute for element in sequence definition:  br.qde15
++++++ warning: Not possible to update attribute for element in sequence definition:  br.qfo152
++++++ warning: Not possible to update attribute for element in sequence definition:  br.stscrap152
++++++ warning: Not possible to update attribute for element in sequence definition:  br.stscrap152
++++++ warning: Not possible to update attribute for element in sequence definition:  br.bhz152
++++++ warning: Not possible to update attribute for element in sequence definition:  br.bhz161
++++++ warning: Not possible to update attribute for element in sequence definition:  br.stscrap161
++++++ warning: Not possible to update attribute for element in sequence definition:  br.stscrap161
++++++ warning: Not possible to update attribute for element in sequence definition:  br.qfo161
++++++ warning: Not possible to update attribute for element in sequence definition:  br.qde16
++++++ warning: Not possible to update attribute for element in sequence definition:  br.qfo162
++++++ warning: Not possible to update attribute for element in sequence definition:  br.stscrap162
++++++ warning: Not possible to update attribute for element in sequence definition:  br.stscrap162
++++++ warning: Not possible to update attribute for element in sequence definition:  br.bhz162
++++++ warning: Not possible to update attribute for element in sequence definition:  br.bhz11
++++++ warning: Not possible to update attribute for element in sequence definition:  br.spscrap11
++++++ warning: Not possible to update attribute for element in sequence definition:  br.spscrap11
++++++ warning: Not possible to update attribute for element in sequence definition:  br.qfo11
++++++ warning: Not possible to update attribute for element in sequence definition:  br.qde1
++++++ warning: Not possible to update attribute for element in sequence definition:  br.qfo12
++++++ warning: Not possible to update attribute for element in sequence definition:  br.stscrap12
++++++ warning: Not possible to update attribute for element in sequence definition:  br.stscrap12
++++++ warning: Not possible to update attribute for element in sequence definition:  br.bhz12
++++++ warning: Not possible to update attribute for element in sequence definition:  br.bhz21
++++++ warning: Not possible to update attribute for element in sequence definition:  br.stscrap21
++++++ warning: Not possible to update attribute for element in sequence definition:  br.stscrap21
++++++ warning: Not possible to update attribute for element in sequence definition:  br.qfo21
++++++ warning: Not possible to update attribute for element in sequence definition:  br.qde2
++++++ warning: Not possible to update attribute for element in sequence definition:  br.qfo22
++++++ warning: Not possible to update attribute for element in sequence definition:  br.stscrap22
++++++ warning: Not possible to update attribute for element in sequence definition:  br.stscrap22
++++++ warning: Not possible to update attribute for element in sequence definition:  br.bhz22
++++++ warning: Not possible to update attribute for element in sequence definition:  br.bhz31
++++++ warning: Not possible to update attribute for element in sequence definition:  br.stscrap31
++++++ warning: Not possible to update attribute for element in sequence definition:  br.stscrap31
++++++ warning: Not possible to update attribute for element in sequence definition:  br.qfo31
++++++ warning: Not possible to update attribute for element in sequence definition:  br.qde3
++++++ warning: Not possible to update attribute for element in sequence definition:  br.qfo32
++++++ warning: Not possible to update attribute for element in sequence definition:  br.stscrap32
++++++ warning: Not possible to update attribute for element in sequence definition:  br.stscrap32
++++++ warning: Not possible to update attribute for element in sequence definition:  br.bhz32
++++++ warning: Not possible to update attribute for element in sequence definition:  br.bhz41
++++++ warning: Not possible to update attribute for element in sequence definition:  br.stscrap41
++++++ warning: Not possible to update attribute for element in sequence definition:  br.stscrap41
++++++ warning: Not possible to update attribute for element in sequence definition:  br.qfo41
++++++ warning: Not possible to update attribute for element in sequence definition:  br.qde4
++++++ warning: Not possible to update attribute for element in sequence definition:  br.qfo42
++++++ warning: Not possible to update attribute for element in sequence definition:  br.stscrap42
++++++ warning: Not possible to update attribute for element in sequence definition:  br.stscrap42
++++++ warning: Not possible to update attribute for element in sequence definition:  br.bhz42
++++++ warning: Not possible to update attribute for element in sequence definition:  br.bhz51
++++++ warning: Not possible to update attribute for element in sequence definition:  br.stscrap51
++++++ warning: Not possible to update attribute for element in sequence definition:  br.stscrap51
++++++ warning: Not possible to update attribute for element in sequence definition:  br.qfo51
++++++ warning: Not possible to update attribute for element in sequence definition:  br.qde5
++++++ warning: Not possible to update attribute for element in sequence definition:  br.qfo52
++++++ warning: Not possible to update attribute for element in sequence definition:  br.stscrap52
++++++ warning: Not possible to update attribute for element in sequence definition:  br.stscrap52
++++++ warning: Not possible to update attribute for element in sequence definition:  br.bhz52
++++++ warning: Not possible to update attribute for element in sequence definition:  br.bhz61
++++++ warning: Not possible to update attribute for element in sequence definition:  br.stscrap61
++++++ warning: Not possible to update attribute for element in sequence definition:  br.stscrap61
++++++ warning: Not possible to update attribute for element in sequence definition:  br.qfo61
++++++ warning: Not possible to update attribute for element in sequence definition:  br.qde6
++++++ warning: Not possible to update attribute for element in sequence definition:  br.qfo62
++++++ warning: Not possible to update attribute for element in sequence definition:  br.stscrap62
++++++ warning: Not possible to update attribute for element in sequence definition:  br.stscrap62
++++++ warning: Not possible to update attribute for element in sequence definition:  br.bhz62
++++++ warning: Not possible to update attribute for element in sequence definition:  br.bhz71
++++++ warning: Not possible to update attribute for element in sequence definition:  br.stscrap71
++++++ warning: Not possible to update attribute for element in sequence definition:  br.stscrap71
++++++ warning: Not possible to update attribute for element in sequence definition:  br.qfo71
++++++ warning: Not possible to update attribute for element in sequence definition:  br.qde7
++++++ warning: Not possible to update attribute for element in sequence definition:  br.qfo72
++++++ warning: Not possible to update attribute for element in sequence definition:  br.stscrap72
++++++ warning: Not possible to update attribute for element in sequence definition:  br.stscrap72
++++++ warning: Not possible to update attribute for element in sequence definition:  br.bhz72
++++++ warning: Not possible to update attribute for element in sequence definition:  br.bhz81
++++++ warning: Not possible to update attribute for element in sequence definition:  br.stscrap81
++++++ warning: Not possible to update attribute for element in sequence definition:  br.stscrap81
++++++ warning: Not possible to update attribute for element in sequence definition:  br.qfo81
++++++ warning: Not possible to update attribute for element in sequence definition:  br.qde8
++++++ warning: Not possible to update attribute for element in sequence definition:  br.qfo82
++++++ warning: Not possible to update attribute for element in sequence definition:  br.stscrap82
++++++ warning: Not possible to update attribute for element in sequence definition:  br.stscrap82
++++++ warning: Not possible to update attribute for element in sequence definition:  br.bhz82
++++++ warning: Not possible to update attribute for element in sequence definition:  br.bhz91
++++++ warning: Not possible to update attribute for element in sequence definition:  br.stscrap91
++++++ warning: Not possible to update attribute for element in sequence definition:  br.stscrap91
++++++ warning: Not possible to update attribute for element in sequence definition:  br.qfo91
++++++ warning: Not possible to update attribute for element in sequence definition:  br.qde9
++++++ warning: Not possible to update attribute for element in sequence definition:  br.qfo92
++++++ warning: Not possible to update attribute for element in sequence definition:  br.stscrap92
++++++ warning: Not possible to update attribute for element in sequence definition:  br.stscrap92
++++++ warning: Not possible to update attribute for element in sequence definition:  br.bhz92
++++++ warning: Not possible to update attribute for element in sequence definition:  br.bhz101
++++++ warning: Not possible to update attribute for element in sequence definition:  br.stscrap101
++++++ warning: Not possible to update attribute for element in sequence definition:  br.stscrap101
++++++ warning: Not possible to update attribute for element in sequence definition:  br.qfo101
++++++ warning: Not possible to update attribute for element in sequence definition:  br.qde10
++++++ warning: Not possible to update attribute for element in sequence definition:  br.qfo102
++++++ warning: Not possible to update attribute for element in sequence definition:  br.stscrap102
++++++ warning: Not possible to update attribute for element in sequence definition:  br.stscrap102
++++++ warning: Not possible to update attribute for element in sequence definition:  br.bhz102
++++++ warning: Not possible to update attribute for element in sequence definition:  br.bhz111
++++++ warning: Not possible to update attribute for element in sequence definition:  br.stscrap111
++++++ warning: Not possible to update attribute for element in sequence definition:  br.stscrap111
++++++ warning: Not possible to update attribute for element in sequence definition:  br.qfo111
++++++ warning: Not possible to update attribute for element in sequence definition:  br.qde11
++++++ warning: Not possible to update attribute for element in sequence definition:  br.qfo112
++++++ warning: Not possible to update attribute for element in sequence definition:  br.stscrap112
++++++ warning: Not possible to update attribute for element in sequence definition:  br.stscrap112
++++++ warning: Not possible to update attribute for element in sequence definition:  br.bhz112
++++++ warning: Not possible to update attribute for element in sequence definition:  br.bhz121
++++++ warning: Not possible to update attribute for element in sequence definition:  br.stscrap121
++++++ warning: Not possible to update attribute for element in sequence definition:  br.stscrap121
++++++ warning: Not possible to update attribute for element in sequence definition:  br.qfo121
++++++ warning: Not possible to update attribute for element in sequence definition:  br.qde12
++++++ warning: Not possible to update attribute for element in sequence definition:  br.qfo122
++++++ warning: Not possible to update attribute for element in sequence definition:  br.stscrap122
++++++ warning: Not possible to update attribute for element in sequence definition:  br.stscrap122
++++++ warning: Not possible to update attribute for element in sequence definition:  br.bhz122
++++++ warning: Not possible to update attribute for element in sequence definition:  br.bhz131
++++++ warning: Not possible to update attribute for element in sequence definition:  br.stscrap131
++++++ warning: Not possible to update attribute for element in sequence definition:  br.stscrap131
++++++ warning: Not possible to update attribute for element in sequence definition:  br.qfo131
++++++ warning: Not possible to update attribute for element in sequence definition:  br.qde13
++++++ warning: Not possible to update attribute for element in sequence definition:  br.qfo132
++++++ warning: Not possible to update attribute for element in sequence definition:  br.stscrap132
++++++ warning: Not possible to update attribute for element in sequence definition:  br.stscrap132
++++++ warning: Not possible to update attribute for element in sequence definition:  br.bhz132
++++++ warning: Not possible to update attribute for element in sequence definition:  br.bhz141
++++++ warning: Not possible to update attribute for element in sequence definition:  br.stscrap141
++++++ warning: Not possible to update attribute for element in sequence definition:  br.stscrap141
++++++ warning: Not possible to update attribute for element in sequence definition:  br.qfo141
++++++ warning: Not possible to update attribute for element in sequence definition:  br.qde14
++++++ warning: Not possible to update attribute for element in sequence definition:  br.qfo142
++++++ warning: Not possible to update attribute for element in sequence definition:  br.spscrap142
++++++ warning: Not possible to update attribute for element in sequence definition:  br.spscrap142
++++++ warning: Not possible to update attribute for element in sequence definition:  br.bhz142
++++++ warning: Not possible to update attribute for element in sequence definition:  br.bhz151
++++++ warning: Not possible to update attribute for element in sequence definition:  br.spscrap151
++++++ warning: Not possible to update attribute for element in sequence definition:  br.spscrap151
++++++ warning: Not possible to update attribute for element in sequence definition:  br.qfo151
++++++ warning: Not possible to update attribute for element in sequence definition:  br.qde15
++++++ warning: Not possible to update attribute for element in sequence definition:  br.qfo152
++++++ warning: Not possible to update attribute for element in sequence definition:  br.stscrap152
++++++ warning: Not possible to update attribute for element in sequence definition:  br.stscrap152
++++++ warning: Not possible to update attribute for element in sequence definition:  br.bhz152
++++++ warning: Not possible to update attribute for element in sequence definition:  br.bhz161
++++++ warning: Not possible to update attribute for element in sequence definition:  br.stscrap161
++++++ warning: Not possible to update attribute for element in sequence definition:  br.stscrap161
++++++ warning: Not possible to update attribute for element in sequence definition:  br.qfo161
++++++ warning: Not possible to update attribute for element in sequence definition:  br.qde16
++++++ warning: Not possible to update attribute for element in sequence definition:  br.qfo162
++++++ warning: Not possible to update attribute for element in sequence definition:  br.stscrap162
++++++ warning: Not possible to update attribute for element in sequence definition:  br.stscrap162
++++++ warning: Not possible to update attribute for element in sequence definition:  br.bhz162
++++++ warning: skipped, command or element unknown: br1.bctf8l1


OPTION, RBARC=FALSE;



USE, sequence=psb3;



! --------------------------------------------------------------------------------------------------

! --- Match for new working point ------------------------------------------------------------------

! --------------------------------------------------------------------------------------------------



Qx = 0.17314593119606236;

Qy = 0.2288927903785254;

Qxd = 0.1696;

Qyd = 0.2324;



! find integer tune

TWISS;

enter Twiss module
  
iteration:   1 error:   0.000000E+00 deltap:   0.000000E+00
orbit:   0.000000E+00  0.000000E+00  0.000000E+00  0.000000E+00  0.000000E+00  0.000000E+00

++++++ table: summ

              length               orbit5                 alfa              gammatr 
      157.0800020000        -0.0000000000         0.0610045329         4.0487312222 

                  q1                  dq1              betxmax                dxmax 
        4.1700000004        -6.4562799144         7.6055316334         3.2669227291 

               dxrms               xcomax               xcorms                   q2 
        2.9417062638         0.0000000000         0.0000000000         4.2299999991 

                 dq2              betymax                dymax                dyrms 
      -12.9924607142        14.2153453362        -0.0000000000         0.0000000000 

              ycomax               ycorms               deltap              synch_1 
        0.0000000000         0.0000000000         0.0000000000         0.0000000000 

             synch_2              synch_3              synch_4              synch_5 
        0.0000000000         0.0000000000         0.0000000000         0.0000000000 

             synch_6              synch_8               nflips                dqmin 
        0.0000000000         0.0000000000         0.0000000000         0.0000000000 

         dqmin_phase 
        0.0000000000 
int_qx = floor(table(summ, q1));

int_qy = floor(table(summ, q2));

total_qx = int_qx + qx;

total_qy = int_qy + qy;



! --------------------------------------------------------------------------------------------------

! --- Install AC-Dipole ----------------------------------------------------------------------------

! --------------------------------------------------------------------------------------------------

hacmap21 = 0;

vacmap43 = 0;



hacmap: matrix, l=0, rm21 := hacmap21;

vacmap: matrix, l=0, rm43 := vacmap43;



SEQEDIT, sequence=psb3;

    FLATTEN;

    // 0.565 is the length of BR[1-4].DES3L1

    INSTALL, element=hacmap, at=0.565/2, from=BR3.DES3L1;

    INSTALL, element=vacmap, at=0.565/2, from=BR3.DES3L1;

ENDEDIT;

++++++ info: seqedit - number of elements installed:  2
++++++ info: seqedit - number of elements moved:      0
++++++ info: seqedit - number of elements removed:    0
++++++ info: seqedit - number of elements replaced:   0


USE, sequence=psb3;



! --------------------------------------------------------------------------------------------------

! --- Tune Matching --------------------------------------------------------------------------------

! --------------------------------------------------------------------------------------------------

MATCH,sequence=psb3;

START MATCHING

number of sequences: 1
sequence name: psb3
  VARY, NAME=kBRQF, step = 0.0001;

  VARY, NAME=kBRQD, step = 0.0001;

  CONSTRAINT, range=#E, MUX=total_qx, MUY=total_qy;

  LMDIF, calls = 10000, tolerance = 1.0E-21;

number of variables:    2
user given constraints: 2
total constraints:      2

START LMDIF:

Initial Penalty Function =   0.11122792E-02


call:       4   Penalty function =   0.35864905E-10
call:       7   Penalty function =   0.12321956E-18
call:      10   Penalty function =   0.78886091E-28
 ++++++++++ LMDIF ended: converged successfully
call:      10   Penalty function =   0.78886091E-28
ENDMATCH;


MATCH SUMMARY

Node_Name                  Constraint   Type  Target Value       Final Value        Penalty
--------------------------------------------------------------------------------------------------
psb3$end:1                 mux          4     4.17314593E+00     4.17314593E+00     7.88860905E-29
psb3$end:1                 muy          4     4.22889279E+00     4.22889279E+00     0.00000000E+00


Final Penalty Function =   7.88860905e-29





Variable                 Final Value  Initial Value Lower Limit  Upper Limit 
--------------------------------------------------------------------------------
kbrqf                     7.29197e-01  7.28794e-01 -1.00000e+20  1.00000e+20
kbrqd                    -7.44308e-01 -7.44156e-01 -1.00000e+20  1.00000e+20

END MATCH SUMMARY

VARIABLE "TAR" SET TO   7.88860905e-29
/******************************************************************************************

 * TWISS

 ******************************************************************************************/



 PSHIFT=0;



/************************************************************

 * MAD uses pt as the 5th variable NOT delta-p.

 * The result is that all derivatives are with repect to pt.

 * This is the reason for the non-standard dispersion values

 * for non-relativistic machines, like the PSB

 ************************************************************/

 select, flag=twiss, clear;

 select, flag=twiss, pattern="^BR.*BPM[^T]",column=name, s, l, betx, bety, mux, muy, angle, k1l, k2l,k3l, x,y, r11, r12, r21, r22, alfx, alfy, dx, dy, dpx,dpy,px,py,phix,phiy;

 twiss, centre, DELTAP = 0.0, sequence=psb3, file="./twiss.dat";

enter Twiss module
  
iteration:   1 error:   0.000000E+00 deltap:   0.000000E+00
orbit:   0.000000E+00  0.000000E+00  0.000000E+00  0.000000E+00  0.000000E+00  0.000000E+00

++++++ table: summ

              length               orbit5                 alfa              gammatr 
      157.0800020000        -0.0000000000         0.0609088784         4.0519091474 

                  q1                  dq1              betxmax                dxmax 
        4.1731459312        -6.4600111689         7.6016177254         3.2819171327 

               dxrms               xcomax               xcorms                   q2 
        2.9368996718         0.0000000000         0.0000000000         4.2288927904 

                 dq2              betymax                dymax                dyrms 
      -12.9969161197        16.4624063406        -0.0000000000         0.0000000000 

              ycomax               ycorms               deltap              synch_1 
        0.0000000000         0.0000000000         0.0000000000         0.0000000000 

             synch_2              synch_3              synch_4              synch_5 
        0.0000000000         0.0000000000         0.0000000000         0.0000000000 

             synch_6              synch_8               nflips                dqmin 
        0.0000000000         0.0000000000         0.0000000000         0.0000000000 

         dqmin_phase 
        0.0000000000 


 select, flag=twiss, clear;

 select, flag=twiss,column=name, s, keyword, l, betx, bety, mux, muy, angle, k1l, k2l,k3l, x,y, r11, r12, r21, r22, alfx, alfy, dx, dy, dpx,dpy,px,py,phix,phiy;

 twiss, centre, DELTAP = 0.0, sequence=psb3, file="./twiss_elements.dat";

enter Twiss module
  
iteration:   1 error:   0.000000E+00 deltap:   0.000000E+00
orbit:   0.000000E+00  0.000000E+00  0.000000E+00  0.000000E+00  0.000000E+00  0.000000E+00

++++++ table: summ

              length               orbit5                 alfa              gammatr 
      157.0800020000        -0.0000000000         0.0609088784         4.0519091474 

                  q1                  dq1              betxmax                dxmax 
        4.1731459312        -6.4600111689         7.6016177254         3.2819171327 

               dxrms               xcomax               xcorms                   q2 
        2.9368996718         0.0000000000         0.0000000000         4.2288927904 

                 dq2              betymax                dymax                dyrms 
      -12.9969161197        16.4624063406        -0.0000000000         0.0000000000 

              ycomax               ycorms               deltap              synch_1 
        0.0000000000         0.0000000000         0.0000000000         0.0000000000 

             synch_2              synch_3              synch_4              synch_5 
        0.0000000000         0.0000000000         0.0000000000         0.0000000000 

             synch_6              synch_8               nflips                dqmin 
        0.0000000000         0.0000000000         0.0000000000         0.0000000000 

         dqmin_phase 
        0.0000000000 


 ac_s = 1;

 if (ac_s == 1) {

      select, flag=twiss, clear;

      twiss;



      betxac = table(twiss, hacmap, betx);

      betyac = table(twiss, vacmap, bety);



      hacmap21 := ac_s * (2*(cos(2*pi*Qxd)-cos(2*pi*Qx))/(betxac*sin(2*pi*Qx)));

      vacmap43 := ac_s * (2*(cos(2*pi*Qyd)-cos(2*pi*Qy))/(betyac*sin(2*pi*Qy)));



      select, flag=twiss, clear;

      select, flag=twiss, pattern="^BR.*BPM",column=name, s, l, betx, bety, mux, muy, angle, k1l, k2l,k3l, x,y, r11, r12, r21, r22, alfx, alfy, dx, dy, dpx,dpy,px,py,phix,phiy;

      twiss, centre, DELTAP = 0, sequence=psb3, file="./twiss_ac.dat";

 }

enter Twiss module
  
iteration:   1 error:   0.000000E+00 deltap:   0.000000E+00
orbit:   0.000000E+00  0.000000E+00  0.000000E+00  0.000000E+00  0.000000E+00  0.000000E+00

++++++ table: summ

              length               orbit5                 alfa              gammatr 
      157.0800020000        -0.0000000000         0.0609088784         4.0519091474 

                  q1                  dq1              betxmax                dxmax 
        4.1731459312        -6.4600111689         7.6016177254         3.2623371596 

               dxrms               xcomax               xcorms                   q2 
        2.9368996718         0.0000000000         0.0000000000         4.2288927904 

                 dq2              betymax                dymax                dyrms 
      -12.9969161197        14.2189536421        -0.0000000000         0.0000000000 

              ycomax               ycorms               deltap              synch_1 
        0.0000000000         0.0000000000         0.0000000000         0.0000000000 

             synch_2              synch_3              synch_4              synch_5 
        0.0000000000         0.0000000000         0.0000000000         0.0000000000 

             synch_6              synch_8               nflips                dqmin 
        0.0000000000         0.0000000000         0.0000000000         0.0000000000 

         dqmin_phase 
        0.0000000000 
++++++ info: hacmap21 redefined
++++++ info: vacmap43 redefined
enter Twiss module
  
iteration:   1 error:   0.000000E+00 deltap:   0.000000E+00
orbit:   0.000000E+00  0.000000E+00  0.000000E+00  0.000000E+00  0.000000E+00  0.000000E+00

++++++ table: summ

              length               orbit5                 alfa              gammatr 
      157.0800020000        -0.0000000000         0.0610192907         4.0482415926 

                  q1                  dq1              betxmax                dxmax 
        4.1696000000        -6.4612612498         7.7950829736         3.4260721951 

               dxrms               xcomax               xcorms                   q2 
        2.9438110590         0.0000000000         0.0000000000         4.2324000000 

                 dq2              betymax                dymax                dyrms 
      -12.9880647817        16.8167229343        -0.0000000000         0.0000000000 

              ycomax               ycorms               deltap              synch_1 
        0.0000000000         0.0000000000         0.0000000000         0.0000000000 

             synch_2              synch_3              synch_4              synch_5 
        0.0000000000         0.0000000000         0.0000000000         0.0000000000 

             synch_6              synch_8               nflips                dqmin 
        0.0000000000         0.0000000000         0.0000000000         0.0000000000 

         dqmin_phase 
        0.0000000000 

  Number of warnings: 577
577 in C and 0 in Fortran

  ++++++++++++++++++++++++++++++++++++++++++++
  +          MAD-X finished normally         +
  ++++++++++++++++++++++++++++++++++++++++++++
