   INFO | Calculating optics parameters - code version 0.29.0 | optics_measurements.measure_optics
   INFO | -- Run phase calculation with requested compensation | optics_measurements.phase
   INFO | Calculating phase advances | optics_measurements.phase
   INFO | Measured tune in plane X = 0.16958867586607693 | optics_measurements.phase
   INFO | -- Run phase calculation without compensation | optics_measurements.phase
   INFO | Calculating phase advances | optics_measurements.phase
   INFO | Measured tune in plane X = 0.16958867586607693 | optics_measurements.phase
   INFO | Writing phases: 4 | optics_measurements.phase
   INFO | Phase advance beating in phase_x.tfs = 0.004058720887165823 | optics_measurements.phase
   INFO | Phase advance beating in total_phase_x.tfs = 0.003187916166832257 | optics_measurements.phase
   INFO | Phase advance beating in phase_driven_x.tfs = 0.004046121259848669 | optics_measurements.phase
   INFO | Phase advance beating in total_phase_driven_x.tfs = 0.0032364145325327214 | optics_measurements.phase
   INFO | Errors from 3BPM method | optics_measurements.beta_from_phase
   INFO |  - RMS beta beat: 10.275% | optics_measurements.beta_from_phase
   INFO | -- Run phase calculation with requested compensation | optics_measurements.phase
   INFO | Calculating phase advances | optics_measurements.phase
   INFO | Measured tune in plane Y = 0.23239135742200004 | optics_measurements.phase
   INFO | -- Run phase calculation without compensation | optics_measurements.phase
   INFO | Calculating phase advances | optics_measurements.phase
   INFO | Measured tune in plane Y = 0.23239135742200004 | optics_measurements.phase
   INFO | Writing phases: 4 | optics_measurements.phase
   INFO | Phase advance beating in phase_y.tfs = 0.0033628260461688463 | optics_measurements.phase
   INFO | Phase advance beating in total_phase_y.tfs = 0.0028486447777908673 | optics_measurements.phase
   INFO | Phase advance beating in phase_driven_y.tfs = 0.00336552165802947 | optics_measurements.phase
   INFO | Phase advance beating in total_phase_driven_y.tfs = 0.0028763816461423834 | optics_measurements.phase
   INFO | Errors from 3BPM method | optics_measurements.beta_from_phase
   INFO |  - RMS beta beat: 6.121% | optics_measurements.beta_from_phase
   INFO | Calculating coupling | optics_measurements.coupling
   INFO | |C-| (approx) = 0.00626, tune_sep = 0.056, from Eq.1 in PRSTAB 17,051004 | optics_measurements.coupling
   INFO | |C-| (exact)  = 0.00545, from Eq.2 w/o i*s*Delta/R in PRSTAB 17,051004 | optics_measurements.coupling
