   INFO | Calculating optics parameters - code version 0.29.0 | optics_measurements.measure_optics
   INFO | -- Run phase calculation with requested compensation | optics_measurements.phase
   INFO | Calculating phase advances | optics_measurements.phase
   INFO | Measured tune in plane X = 0.23049926757800002 | optics_measurements.phase
   INFO | -- Run phase calculation without compensation | optics_measurements.phase
   INFO | Calculating phase advances | optics_measurements.phase
   INFO | Measured tune in plane X = 0.23049926757800002 | optics_measurements.phase
   INFO | Writing phases: 4 | optics_measurements.phase
   INFO | Phase advance beating in phase_x.tfs = 0.004458702953655283 | optics_measurements.phase
   INFO | Phase advance beating in total_phase_x.tfs = 0.003471589899408706 | optics_measurements.phase
   INFO | Phase advance beating in phase_driven_x.tfs = 0.00446433282148184 | optics_measurements.phase
   INFO | Phase advance beating in total_phase_driven_x.tfs = 0.0035806982765730624 | optics_measurements.phase
   INFO | Errors from 3BPM method | optics_measurements.beta_from_phase
   INFO |  - RMS beta beat: 8.753% | optics_measurements.beta_from_phase
   INFO | -- Run phase calculation with requested compensation | optics_measurements.phase
   INFO | Calculating phase advances | optics_measurements.phase
   INFO | Measured tune in plane Y = 0.13100650093793942 | optics_measurements.phase
   INFO | -- Run phase calculation without compensation | optics_measurements.phase
   INFO | Calculating phase advances | optics_measurements.phase
   INFO | Measured tune in plane Y = 0.13100650093793942 | optics_measurements.phase
   INFO | Writing phases: 4 | optics_measurements.phase
   INFO | Phase advance beating in phase_y.tfs = 0.0020530880798221643 | optics_measurements.phase
   INFO | Phase advance beating in total_phase_y.tfs = 0.0022173588854771656 | optics_measurements.phase
   INFO | Phase advance beating in phase_driven_y.tfs = 0.0020306697686301614 | optics_measurements.phase
   INFO | Phase advance beating in total_phase_driven_y.tfs = 0.002253406015723026 | optics_measurements.phase
   INFO | Errors from 3BPM method | optics_measurements.beta_from_phase
   INFO |  - RMS beta beat: 5.953% | optics_measurements.beta_from_phase
   INFO | Calculating coupling | optics_measurements.coupling
   INFO | |C-| (approx) = 0.00940, tune_sep = 0.107, from Eq.1 in PRSTAB 17,051004 | optics_measurements.coupling
   INFO | |C-| (exact)  = 0.00223, from Eq.2 w/o i*s*Delta/R in PRSTAB 17,051004 | optics_measurements.coupling
