   INFO | Calculating optics parameters - code version 0.29.0 | optics_measurements.measure_optics
   INFO | -- Run phase calculation with requested compensation | optics_measurements.phase
   INFO | Calculating phase advances | optics_measurements.phase
   INFO | Measured tune in plane X = 0.229705810547 | optics_measurements.phase
   INFO | -- Run phase calculation without compensation | optics_measurements.phase
   INFO | Calculating phase advances | optics_measurements.phase
   INFO | Measured tune in plane X = 0.229705810547 | optics_measurements.phase
   INFO | Writing phases: 4 | optics_measurements.phase
   INFO | Phase advance beating in phase_x.tfs = 0.005153406825870817 | optics_measurements.phase
   INFO | Phase advance beating in total_phase_x.tfs = 0.0041396587863430446 | optics_measurements.phase
   INFO | Phase advance beating in phase_driven_x.tfs = 0.005153360093263878 | optics_measurements.phase
   INFO | Phase advance beating in total_phase_driven_x.tfs = 0.004231738603939451 | optics_measurements.phase
   INFO | Errors from 3BPM method | optics_measurements.beta_from_phase
   INFO |  - RMS beta beat: 11.796% | optics_measurements.beta_from_phase
   INFO | -- Run phase calculation with requested compensation | optics_measurements.phase
   INFO | Calculating phase advances | optics_measurements.phase
   INFO | Measured tune in plane Y = 0.13140869140599998 | optics_measurements.phase
   INFO | -- Run phase calculation without compensation | optics_measurements.phase
   INFO | Calculating phase advances | optics_measurements.phase
   INFO | Measured tune in plane Y = 0.13140869140599998 | optics_measurements.phase
   INFO | Writing phases: 4 | optics_measurements.phase
   INFO | Phase advance beating in phase_y.tfs = 0.0018818512633589223 | optics_measurements.phase
   INFO | Phase advance beating in total_phase_y.tfs = 0.0019468126353659478 | optics_measurements.phase
   INFO | Phase advance beating in phase_driven_y.tfs = 0.0018457037957977007 | optics_measurements.phase
   INFO | Phase advance beating in total_phase_driven_y.tfs = 0.0019836848229118843 | optics_measurements.phase
   INFO | Errors from 3BPM method | optics_measurements.beta_from_phase
   INFO |  - RMS beta beat: 6.239% | optics_measurements.beta_from_phase
   INFO | Calculating coupling | optics_measurements.coupling
   INFO | |C-| (approx) = 0.00860, tune_sep = 0.105, from Eq.1 in PRSTAB 17,051004 | optics_measurements.coupling
   INFO | |C-| (exact)  = 0.00774, from Eq.2 w/o i*s*Delta/R in PRSTAB 17,051004 | optics_measurements.coupling
