   INFO | Calculating optics parameters - code version 0.29.0 | optics_measurements.measure_optics
   INFO | -- Run phase calculation with requested compensation | optics_measurements.phase
   INFO | Calculating phase advances | optics_measurements.phase
   INFO | Measured tune in plane X = 0.17361375762182926 | optics_measurements.phase
   INFO | -- Run phase calculation without compensation | optics_measurements.phase
   INFO | Calculating phase advances | optics_measurements.phase
   INFO | Measured tune in plane X = 0.17361375762182926 | optics_measurements.phase
   INFO | Writing phases: 4 | optics_measurements.phase
   INFO | Phase advance beating in phase_x.tfs = 0.003995347408208182 | optics_measurements.phase
   INFO | Phase advance beating in total_phase_x.tfs = 0.0033294363545885164 | optics_measurements.phase
   INFO | Phase advance beating in phase_driven_x.tfs = 0.003987503498304215 | optics_measurements.phase
   INFO | Phase advance beating in total_phase_driven_x.tfs = 0.0033784142108987366 | optics_measurements.phase
   INFO | Errors from 3BPM method | optics_measurements.beta_from_phase
   INFO |  - RMS beta beat: 14.907% | optics_measurements.beta_from_phase
   INFO | -- Run phase calculation with requested compensation | optics_measurements.phase
   INFO | Calculating phase advances | optics_measurements.phase
   INFO | Measured tune in plane Y = 0.24130249023400002 | optics_measurements.phase
   INFO | -- Run phase calculation without compensation | optics_measurements.phase
   INFO | Calculating phase advances | optics_measurements.phase
   INFO | Measured tune in plane Y = 0.24130249023400002 | optics_measurements.phase
   INFO | Writing phases: 4 | optics_measurements.phase
   INFO | Phase advance beating in phase_y.tfs = 0.0032869499788001385 | optics_measurements.phase
   INFO | Phase advance beating in total_phase_y.tfs = 0.0029645005286343695 | optics_measurements.phase
   INFO | Phase advance beating in phase_driven_y.tfs = 0.0032803585974525325 | optics_measurements.phase
   INFO | Phase advance beating in total_phase_driven_y.tfs = 0.0029884613750109793 | optics_measurements.phase
   INFO | Errors from 3BPM method | optics_measurements.beta_from_phase
   INFO |  - RMS beta beat: 5.763% | optics_measurements.beta_from_phase
   INFO | Calculating coupling | optics_measurements.coupling
   INFO | |C-| (approx) = 0.00650, tune_sep = 0.061, from Eq.1 in PRSTAB 17,051004 | optics_measurements.coupling
   INFO | |C-| (exact)  = 0.00566, from Eq.2 w/o i*s*Delta/R in PRSTAB 17,051004 | optics_measurements.coupling
