   INFO | Calculating optics parameters - code version 0.29.0 | optics_measurements.measure_optics
   INFO | -- Run phase calculation with requested compensation | optics_measurements.phase
   INFO | Calculating phase advances | optics_measurements.phase
   INFO | Measured tune in plane X = 0.2297973632810001 | optics_measurements.phase
   INFO | Writing phases: 2 | optics_measurements.phase
   INFO | Phase advance beating in phase_x.tfs = 0.004789595609325505 | optics_measurements.phase
   INFO | Phase advance beating in total_phase_x.tfs = 0.006021451054910649 | optics_measurements.phase
   INFO | Errors from 3BPM method | optics_measurements.beta_from_phase
   INFO |  - RMS beta beat: 11.105% | optics_measurements.beta_from_phase
   INFO | -- Run phase calculation with requested compensation | optics_measurements.phase
   INFO | Calculating phase advances | optics_measurements.phase
   INFO | Measured tune in plane Y = 0.131896972656 | optics_measurements.phase
   INFO | Writing phases: 2 | optics_measurements.phase
   INFO | Phase advance beating in phase_y.tfs = 0.004976285454705701 | optics_measurements.phase
   INFO | Phase advance beating in total_phase_y.tfs = 0.0025680761025542154 | optics_measurements.phase
   INFO | Errors from 3BPM method | optics_measurements.beta_from_phase
   INFO |  - RMS beta beat: 4.189% | optics_measurements.beta_from_phase
   INFO | Calculating coupling | optics_measurements.coupling
   INFO | |C-| (approx) = 0.00866, tune_sep = 0.105, from Eq.1 in PRSTAB 17,051004 | optics_measurements.coupling
   INFO | |C-| (exact)  = 0.00741, from Eq.2 w/o i*s*Delta/R in PRSTAB 17,051004 | optics_measurements.coupling
   INFO | Detected amplitude unit 'm' for plane X. | optics_measurements.data_models
   INFO | Detected amplitude unit 'm' for plane Y. | optics_measurements.data_models
   INFO | Detected amplitude unit 'm' for plane X. | optics_measurements.data_models
   INFO | Detected amplitude unit 'm' for plane Y. | optics_measurements.data_models
   INFO | Detected amplitude unit 'm' for plane X. | optics_measurements.data_models
   INFO | Detected amplitude unit 'm' for plane Y. | optics_measurements.data_models
   INFO | Detected amplitude unit 'm' for plane X. | optics_measurements.data_models
   INFO | Detected amplitude unit 'm' for plane Y. | optics_measurements.data_models
   INFO | Detected amplitude unit 'm' for plane X. | optics_measurements.data_models
   INFO | Detected amplitude unit 'm' for plane Y. | optics_measurements.data_models
   INFO | Detected amplitude unit 'm' for plane X. | optics_measurements.data_models
   INFO | Detected amplitude unit 'm' for plane Y. | optics_measurements.data_models
   INFO | Detected amplitude unit 'm' for plane X. | optics_measurements.data_models
   INFO | Detected amplitude unit 'm' for plane Y. | optics_measurements.data_models
   INFO | Detected amplitude unit 'm' for plane X. | optics_measurements.data_models
   INFO | Detected amplitude unit 'm' for plane Y. | optics_measurements.data_models
   INFO | Detected amplitude unit 'm' for plane X. | optics_measurements.data_models
   INFO | Detected amplitude unit 'm' for plane Y. | optics_measurements.data_models
   INFO | Detected amplitude unit 'm' for plane X. | optics_measurements.data_models
   INFO | Detected amplitude unit 'm' for plane Y. | optics_measurements.data_models
   INFO | Detected amplitude unit 'm' for plane X. | optics_measurements.data_models
   INFO | Detected amplitude unit 'm' for plane Y. | optics_measurements.data_models
   INFO | Detected amplitude unit 'm' for plane X. | optics_measurements.data_models
   INFO | Detected amplitude unit 'm' for plane Y. | optics_measurements.data_models
   INFO | Detected amplitude unit 'm' for plane X. | optics_measurements.data_models
   INFO | Detected amplitude unit 'm' for plane Y. | optics_measurements.data_models
   INFO | Detected amplitude unit 'm' for plane X. | optics_measurements.data_models
   INFO | Detected amplitude unit 'm' for plane Y. | optics_measurements.data_models
   INFO | Detected amplitude unit 'm' for plane X. | optics_measurements.data_models
   INFO | Detected amplitude unit 'm' for plane Y. | optics_measurements.data_models
   INFO | Detected amplitude unit 'm' for plane X. | optics_measurements.data_models
   INFO | Detected amplitude unit 'm' for plane Y. | optics_measurements.data_models
   INFO | Detected amplitude unit 'm' for plane X. | optics_measurements.data_models
   INFO | Detected amplitude unit 'm' for plane Y. | optics_measurements.data_models
   INFO | Detected amplitude unit 'm' for plane X. | optics_measurements.data_models
   INFO | Detected amplitude unit 'm' for plane Y. | optics_measurements.data_models
   INFO | Detected amplitude unit 'm' for plane X. | optics_measurements.data_models
   INFO | Detected amplitude unit 'm' for plane Y. | optics_measurements.data_models
   INFO | Detected amplitude unit 'm' for plane X. | optics_measurements.data_models
   INFO | Detected amplitude unit 'm' for plane Y. | optics_measurements.data_models
   INFO | Detected amplitude unit 'm' for plane X. | optics_measurements.data_models
   INFO | Detected amplitude unit 'm' for plane Y. | optics_measurements.data_models
   INFO | Detected amplitude unit 'm' for plane X. | optics_measurements.data_models
   INFO | Detected amplitude unit 'm' for plane Y. | optics_measurements.data_models
   INFO | Detected amplitude unit 'm' for plane X. | optics_measurements.data_models
   INFO | Detected amplitude unit 'm' for plane Y. | optics_measurements.data_models
   INFO | Detected amplitude unit 'm' for plane X. | optics_measurements.data_models
   INFO | Detected amplitude unit 'm' for plane Y. | optics_measurements.data_models
   INFO | Detected amplitude unit 'm' for plane X. | optics_measurements.data_models
   INFO | Detected amplitude unit 'm' for plane Y. | optics_measurements.data_models
   INFO | Detected amplitude unit 'm' for plane X. | optics_measurements.data_models
   INFO | Detected amplitude unit 'm' for plane Y. | optics_measurements.data_models
   INFO | Detected amplitude unit 'm' for plane X. | optics_measurements.data_models
   INFO | Detected amplitude unit 'm' for plane Y. | optics_measurements.data_models
   INFO | Detected amplitude unit 'm' for plane X. | optics_measurements.data_models
   INFO | Detected amplitude unit 'm' for plane Y. | optics_measurements.data_models
   INFO | Detected amplitude unit 'm' for plane X. | optics_measurements.data_models
   INFO | Detected amplitude unit 'm' for plane Y. | optics_measurements.data_models
   INFO | Detected amplitude unit 'm' for plane X. | optics_measurements.data_models
   INFO | Detected amplitude unit 'm' for plane Y. | optics_measurements.data_models
   INFO | DPPS: [1.60908097e-05 2.27745673e-05 2.93262898e-05 1.03228258e-05
 2.32697274e-05 2.62286437e-05 2.20511549e-05 9.74860488e-06
 2.51723718e-05 3.21746158e-05 2.28608214e-05 1.65322655e-05
 3.11818899e-05 2.57455023e-05 2.41601685e-05 1.72725729e-05
 2.11227017e-05 2.45448132e-05 2.98869842e-05 1.28159674e-05
 1.83074648e-05 2.53051361e-05 2.20634202e-05 2.72028044e-05
 2.65680547e-05 1.73491232e-05 2.08865188e-05 2.20485858e-05
 2.61915520e-05 2.52332747e-05] | optics_measurements.data_models
   INFO | DPP_AMPS: [0. 0. 0. 0. 0. 0. 0. 0. 0. 0. 0. 0. 0. 0. 0. 0. 0. 0. 0. 0. 0. 0. 0. 0.
 0. 0. 0. 0. 0. 0.] | optics_measurements.data_models
   INFO | Calculating optics parameters - code version 0.29.0 | optics_measurements.measure_optics
   INFO | -- Run phase calculation with requested compensation | optics_measurements.phase
   INFO | Calculating phase advances | optics_measurements.phase
   INFO | Measured tune in plane X = 0.2297973632810001 | optics_measurements.phase
   INFO | -- Run phase calculation without compensation | optics_measurements.phase
   INFO | Calculating phase advances | optics_measurements.phase
   INFO | Measured tune in plane X = 0.2297973632810001 | optics_measurements.phase
   INFO | Writing phases: 4 | optics_measurements.phase
   INFO | Phase advance beating in phase_x.tfs = 0.004412745960538357 | optics_measurements.phase
   INFO | Phase advance beating in total_phase_x.tfs = 0.00400891832511175 | optics_measurements.phase
   INFO | Phase advance beating in phase_driven_x.tfs = 0.004425664716417413 | optics_measurements.phase
   INFO | Phase advance beating in total_phase_driven_x.tfs = 0.0041358757194217876 | optics_measurements.phase
   INFO | Errors from 3BPM method | optics_measurements.beta_from_phase
   INFO |  - RMS beta beat: 10.010% | optics_measurements.beta_from_phase
   INFO | -- Run phase calculation with requested compensation | optics_measurements.phase
   INFO | Calculating phase advances | optics_measurements.phase
   INFO | Measured tune in plane Y = 0.131896972656 | optics_measurements.phase
   INFO | -- Run phase calculation without compensation | optics_measurements.phase
   INFO | Calculating phase advances | optics_measurements.phase
   INFO | Measured tune in plane Y = 0.131896972656 | optics_measurements.phase
   INFO | Writing phases: 4 | optics_measurements.phase
   INFO | Phase advance beating in phase_y.tfs = 0.0017008963509134501 | optics_measurements.phase
   INFO | Phase advance beating in total_phase_y.tfs = 0.0016473639688259325 | optics_measurements.phase
   INFO | Phase advance beating in phase_driven_y.tfs = 0.0016548230051145944 | optics_measurements.phase
   INFO | Phase advance beating in total_phase_driven_y.tfs = 0.0016837661312026262 | optics_measurements.phase
   INFO | Errors from 3BPM method | optics_measurements.beta_from_phase
   INFO |  - RMS beta beat: 4.865% | optics_measurements.beta_from_phase
   INFO | Calculating coupling | optics_measurements.coupling
   INFO | |C-| (approx) = 0.00865, tune_sep = 0.105, from Eq.1 in PRSTAB 17,051004 | optics_measurements.coupling
   INFO | |C-| (exact)  = 0.00740, from Eq.2 w/o i*s*Delta/R in PRSTAB 17,051004 | optics_measurements.coupling
