   INFO | Calculating optics parameters - code version 0.29.0 | optics_measurements.measure_optics
   INFO | -- Run phase calculation with requested compensation | optics_measurements.phase
   INFO | Calculating phase advances | optics_measurements.phase
   INFO | Measured tune in plane X = 0.2297973632810001 | optics_measurements.phase
   INFO | -- Run phase calculation without compensation | optics_measurements.phase
   INFO | Calculating phase advances | optics_measurements.phase
   INFO | Measured tune in plane X = 0.2297973632810001 | optics_measurements.phase
   INFO | Writing phases: 4 | optics_measurements.phase
   INFO | Phase advance beating in phase_x.tfs = 0.004412745960538357 | optics_measurements.phase
   INFO | Phase advance beating in total_phase_x.tfs = 0.00400891832511175 | optics_measurements.phase
   INFO | Phase advance beating in phase_driven_x.tfs = 0.004425664716417413 | optics_measurements.phase
   INFO | Phase advance beating in total_phase_driven_x.tfs = 0.0041358757194217876 | optics_measurements.phase
   INFO | Errors from 3BPM method | optics_measurements.beta_from_phase
   INFO |  - RMS beta beat: 10.010% | optics_measurements.beta_from_phase
   INFO | -- Run phase calculation with requested compensation | optics_measurements.phase
   INFO | Calculating phase advances | optics_measurements.phase
   INFO | Measured tune in plane Y = 0.131896972656 | optics_measurements.phase
   INFO | -- Run phase calculation without compensation | optics_measurements.phase
   INFO | Calculating phase advances | optics_measurements.phase
   INFO | Measured tune in plane Y = 0.131896972656 | optics_measurements.phase
   INFO | Writing phases: 4 | optics_measurements.phase
   INFO | Phase advance beating in phase_y.tfs = 0.0017008963509134501 | optics_measurements.phase
   INFO | Phase advance beating in total_phase_y.tfs = 0.0016473639688259325 | optics_measurements.phase
   INFO | Phase advance beating in phase_driven_y.tfs = 0.0016548230051145944 | optics_measurements.phase
   INFO | Phase advance beating in total_phase_driven_y.tfs = 0.0016837661312026262 | optics_measurements.phase
   INFO | Errors from 3BPM method | optics_measurements.beta_from_phase
   INFO |  - RMS beta beat: 4.865% | optics_measurements.beta_from_phase
   INFO | Calculating coupling | optics_measurements.coupling
   INFO | |C-| (approx) = 0.00865, tune_sep = 0.105, from Eq.1 in PRSTAB 17,051004 | optics_measurements.coupling
   INFO | |C-| (exact)  = 0.00740, from Eq.2 w/o i*s*Delta/R in PRSTAB 17,051004 | optics_measurements.coupling
