   INFO | Calculating optics parameters - code version 0.29.0 | optics_measurements.measure_optics
   INFO | -- Run phase calculation with requested compensation | optics_measurements.phase
   INFO | Calculating phase advances | optics_measurements.phase
   INFO | Measured tune in plane X = 0.165405273438 | optics_measurements.phase
   INFO | -- Run phase calculation without compensation | optics_measurements.phase
   INFO | Calculating phase advances | optics_measurements.phase
   INFO | Measured tune in plane X = 0.165405273438 | optics_measurements.phase
   INFO | Writing phases: 4 | optics_measurements.phase
   INFO | Phase advance beating in phase_x.tfs = 0.0030565137384429937 | optics_measurements.phase
   INFO | Phase advance beating in total_phase_x.tfs = 0.002798758886390861 | optics_measurements.phase
   INFO | Phase advance beating in phase_driven_x.tfs = 0.0030514725374219233 | optics_measurements.phase
   INFO | Phase advance beating in total_phase_driven_x.tfs = 0.002813568618330867 | optics_measurements.phase
   INFO | Errors from 3BPM method | optics_measurements.beta_from_phase
   INFO |  - RMS beta beat: 8.027% | optics_measurements.beta_from_phase
   INFO | -- Run phase calculation with requested compensation | optics_measurements.phase
   INFO | Calculating phase advances | optics_measurements.phase
   INFO | Measured tune in plane Y = 0.22430419921899997 | optics_measurements.phase
   INFO | -- Run phase calculation without compensation | optics_measurements.phase
   INFO | Calculating phase advances | optics_measurements.phase
   INFO | Measured tune in plane Y = 0.22430419921899997 | optics_measurements.phase
   INFO | Writing phases: 4 | optics_measurements.phase
   INFO | Phase advance beating in phase_y.tfs = 0.002840341679650152 | optics_measurements.phase
   INFO | Phase advance beating in total_phase_y.tfs = 0.0025113635382887473 | optics_measurements.phase
   INFO | Phase advance beating in phase_driven_y.tfs = 0.0028210506743619962 | optics_measurements.phase
   INFO | Phase advance beating in total_phase_driven_y.tfs = 0.002534665238188909 | optics_measurements.phase
   INFO | Errors from 3BPM method | optics_measurements.beta_from_phase
   INFO |  - RMS beta beat: 5.572% | optics_measurements.beta_from_phase
   INFO | Calculating coupling | optics_measurements.coupling
   INFO | |C-| (approx) = 0.00622, tune_sep = 0.052, from Eq.1 in PRSTAB 17,051004 | optics_measurements.coupling
   INFO | |C-| (exact)  = 0.00575, from Eq.2 w/o i*s*Delta/R in PRSTAB 17,051004 | optics_measurements.coupling
