   INFO | Calculating optics parameters - code version 0.29.0 | optics_measurements.measure_optics
   INFO | -- Run phase calculation with requested compensation | optics_measurements.phase
   INFO | Calculating phase advances | optics_measurements.phase
   INFO | Measured tune in plane X = 0.229705810547 | optics_measurements.phase
   INFO | Writing phases: 2 | optics_measurements.phase
   INFO | Phase advance beating in phase_x.tfs = 0.005622828237448233 | optics_measurements.phase
   INFO | Phase advance beating in total_phase_x.tfs = 0.0060621516505617295 | optics_measurements.phase
   INFO | Errors from 3BPM method | optics_measurements.beta_from_phase
   INFO |  - RMS beta beat: 12.547% | optics_measurements.beta_from_phase
   INFO | -- Run phase calculation with requested compensation | optics_measurements.phase
   INFO | Calculating phase advances | optics_measurements.phase
   INFO | Measured tune in plane Y = 0.13140869140599998 | optics_measurements.phase
   INFO | Writing phases: 2 | optics_measurements.phase
   INFO | Phase advance beating in phase_y.tfs = 0.005035141455997793 | optics_measurements.phase
   INFO | Phase advance beating in total_phase_y.tfs = 0.002664566500336999 | optics_measurements.phase
   INFO | Errors from 3BPM method | optics_measurements.beta_from_phase
   INFO |  - RMS beta beat: 5.517% | optics_measurements.beta_from_phase
   INFO | Calculating coupling | optics_measurements.coupling
   INFO | |C-| (approx) = 0.00860, tune_sep = 0.105, from Eq.1 in PRSTAB 17,051004 | optics_measurements.coupling
   INFO | |C-| (exact)  = 0.00772, from Eq.2 w/o i*s*Delta/R in PRSTAB 17,051004 | optics_measurements.coupling
   INFO | Detected amplitude unit 'm' for plane X. | optics_measurements.data_models
   INFO | Detected amplitude unit 'm' for plane Y. | optics_measurements.data_models
   INFO | Detected amplitude unit 'm' for plane X. | optics_measurements.data_models
   INFO | Detected amplitude unit 'm' for plane Y. | optics_measurements.data_models
   INFO | Detected amplitude unit 'm' for plane X. | optics_measurements.data_models
   INFO | Detected amplitude unit 'm' for plane Y. | optics_measurements.data_models
   INFO | Detected amplitude unit 'm' for plane X. | optics_measurements.data_models
   INFO | Detected amplitude unit 'm' for plane Y. | optics_measurements.data_models
   INFO | Detected amplitude unit 'm' for plane X. | optics_measurements.data_models
   INFO | Detected amplitude unit 'm' for plane Y. | optics_measurements.data_models
   INFO | Detected amplitude unit 'm' for plane X. | optics_measurements.data_models
   INFO | Detected amplitude unit 'm' for plane Y. | optics_measurements.data_models
   INFO | Detected amplitude unit 'm' for plane X. | optics_measurements.data_models
   INFO | Detected amplitude unit 'm' for plane Y. | optics_measurements.data_models
   INFO | Detected amplitude unit 'm' for plane X. | optics_measurements.data_models
   INFO | Detected amplitude unit 'm' for plane Y. | optics_measurements.data_models
   INFO | Detected amplitude unit 'm' for plane X. | optics_measurements.data_models
   INFO | Detected amplitude unit 'm' for plane Y. | optics_measurements.data_models
   INFO | Detected amplitude unit 'm' for plane X. | optics_measurements.data_models
   INFO | Detected amplitude unit 'm' for plane Y. | optics_measurements.data_models
   INFO | Detected amplitude unit 'm' for plane X. | optics_measurements.data_models
   INFO | Detected amplitude unit 'm' for plane Y. | optics_measurements.data_models
   INFO | Detected amplitude unit 'm' for plane X. | optics_measurements.data_models
   INFO | Detected amplitude unit 'm' for plane Y. | optics_measurements.data_models
   INFO | Detected amplitude unit 'm' for plane X. | optics_measurements.data_models
   INFO | Detected amplitude unit 'm' for plane Y. | optics_measurements.data_models
   INFO | Detected amplitude unit 'm' for plane X. | optics_measurements.data_models
   INFO | Detected amplitude unit 'm' for plane Y. | optics_measurements.data_models
   INFO | Detected amplitude unit 'm' for plane X. | optics_measurements.data_models
   INFO | Detected amplitude unit 'm' for plane Y. | optics_measurements.data_models
   INFO | Detected amplitude unit 'm' for plane X. | optics_measurements.data_models
   INFO | Detected amplitude unit 'm' for plane Y. | optics_measurements.data_models
   INFO | Detected amplitude unit 'm' for plane X. | optics_measurements.data_models
   INFO | Detected amplitude unit 'm' for plane Y. | optics_measurements.data_models
   INFO | Detected amplitude unit 'm' for plane X. | optics_measurements.data_models
   INFO | Detected amplitude unit 'm' for plane Y. | optics_measurements.data_models
   INFO | Detected amplitude unit 'm' for plane X. | optics_measurements.data_models
   INFO | Detected amplitude unit 'm' for plane Y. | optics_measurements.data_models
   INFO | Detected amplitude unit 'm' for plane X. | optics_measurements.data_models
   INFO | Detected amplitude unit 'm' for plane Y. | optics_measurements.data_models
   INFO | Detected amplitude unit 'm' for plane X. | optics_measurements.data_models
   INFO | Detected amplitude unit 'm' for plane Y. | optics_measurements.data_models
   INFO | Detected amplitude unit 'm' for plane X. | optics_measurements.data_models
   INFO | Detected amplitude unit 'm' for plane Y. | optics_measurements.data_models
   INFO | Detected amplitude unit 'm' for plane X. | optics_measurements.data_models
   INFO | Detected amplitude unit 'm' for plane Y. | optics_measurements.data_models
   INFO | Detected amplitude unit 'm' for plane X. | optics_measurements.data_models
   INFO | Detected amplitude unit 'm' for plane Y. | optics_measurements.data_models
   INFO | Detected amplitude unit 'm' for plane X. | optics_measurements.data_models
   INFO | Detected amplitude unit 'm' for plane Y. | optics_measurements.data_models
   INFO | Detected amplitude unit 'm' for plane X. | optics_measurements.data_models
   INFO | Detected amplitude unit 'm' for plane Y. | optics_measurements.data_models
   INFO | Detected amplitude unit 'm' for plane X. | optics_measurements.data_models
   INFO | Detected amplitude unit 'm' for plane Y. | optics_measurements.data_models
   INFO | Detected amplitude unit 'm' for plane X. | optics_measurements.data_models
   INFO | Detected amplitude unit 'm' for plane Y. | optics_measurements.data_models
   INFO | Detected amplitude unit 'm' for plane X. | optics_measurements.data_models
   INFO | Detected amplitude unit 'm' for plane Y. | optics_measurements.data_models
   INFO | Detected amplitude unit 'm' for plane X. | optics_measurements.data_models
   INFO | Detected amplitude unit 'm' for plane Y. | optics_measurements.data_models
   INFO | Detected amplitude unit 'm' for plane X. | optics_measurements.data_models
   INFO | Detected amplitude unit 'm' for plane Y. | optics_measurements.data_models
   INFO | Detected amplitude unit 'm' for plane X. | optics_measurements.data_models
   INFO | Detected amplitude unit 'm' for plane Y. | optics_measurements.data_models
   INFO | Detected amplitude unit 'm' for plane X. | optics_measurements.data_models
   INFO | Detected amplitude unit 'm' for plane Y. | optics_measurements.data_models
   INFO | Detected amplitude unit 'm' for plane X. | optics_measurements.data_models
   INFO | Detected amplitude unit 'm' for plane Y. | optics_measurements.data_models
   INFO | Detected amplitude unit 'm' for plane X. | optics_measurements.data_models
   INFO | Detected amplitude unit 'm' for plane Y. | optics_measurements.data_models
   INFO | Detected amplitude unit 'm' for plane X. | optics_measurements.data_models
   INFO | Detected amplitude unit 'm' for plane Y. | optics_measurements.data_models
   INFO | Detected amplitude unit 'm' for plane X. | optics_measurements.data_models
   INFO | Detected amplitude unit 'm' for plane Y. | optics_measurements.data_models
   INFO | Detected amplitude unit 'm' for plane X. | optics_measurements.data_models
   INFO | Detected amplitude unit 'm' for plane Y. | optics_measurements.data_models
   INFO | Detected amplitude unit 'm' for plane X. | optics_measurements.data_models
   INFO | Detected amplitude unit 'm' for plane Y. | optics_measurements.data_models
   INFO | Detected amplitude unit 'm' for plane X. | optics_measurements.data_models
   INFO | Detected amplitude unit 'm' for plane Y. | optics_measurements.data_models
   INFO | Detected amplitude unit 'm' for plane X. | optics_measurements.data_models
   INFO | Detected amplitude unit 'm' for plane Y. | optics_measurements.data_models
   INFO | Detected amplitude unit 'm' for plane X. | optics_measurements.data_models
   INFO | Detected amplitude unit 'm' for plane Y. | optics_measurements.data_models
   INFO | Detected amplitude unit 'm' for plane X. | optics_measurements.data_models
   INFO | Detected amplitude unit 'm' for plane Y. | optics_measurements.data_models
   INFO | Detected amplitude unit 'm' for plane X. | optics_measurements.data_models
   INFO | Detected amplitude unit 'm' for plane Y. | optics_measurements.data_models
   INFO | Detected amplitude unit 'm' for plane X. | optics_measurements.data_models
   INFO | Detected amplitude unit 'm' for plane Y. | optics_measurements.data_models
   INFO | Detected amplitude unit 'm' for plane X. | optics_measurements.data_models
   INFO | Detected amplitude unit 'm' for plane Y. | optics_measurements.data_models
   INFO | Detected amplitude unit 'm' for plane X. | optics_measurements.data_models
   INFO | Detected amplitude unit 'm' for plane Y. | optics_measurements.data_models
   INFO | Detected amplitude unit 'm' for plane X. | optics_measurements.data_models
   INFO | Detected amplitude unit 'm' for plane Y. | optics_measurements.data_models
   INFO | Detected amplitude unit 'm' for plane X. | optics_measurements.data_models
   INFO | Detected amplitude unit 'm' for plane Y. | optics_measurements.data_models
   INFO | Detected amplitude unit 'm' for plane X. | optics_measurements.data_models
   INFO | Detected amplitude unit 'm' for plane Y. | optics_measurements.data_models
   INFO | Detected amplitude unit 'm' for plane X. | optics_measurements.data_models
   INFO | Detected amplitude unit 'm' for plane Y. | optics_measurements.data_models
   INFO | Detected amplitude unit 'm' for plane X. | optics_measurements.data_models
   INFO | Detected amplitude unit 'm' for plane Y. | optics_measurements.data_models
   INFO | Detected amplitude unit 'm' for plane X. | optics_measurements.data_models
   INFO | Detected amplitude unit 'm' for plane Y. | optics_measurements.data_models
   INFO | Detected amplitude unit 'm' for plane X. | optics_measurements.data_models
   INFO | Detected amplitude unit 'm' for plane Y. | optics_measurements.data_models
   INFO | Detected amplitude unit 'm' for plane X. | optics_measurements.data_models
   INFO | Detected amplitude unit 'm' for plane Y. | optics_measurements.data_models
   INFO | Detected amplitude unit 'm' for plane X. | optics_measurements.data_models
   INFO | Detected amplitude unit 'm' for plane Y. | optics_measurements.data_models
   INFO | Detected amplitude unit 'm' for plane X. | optics_measurements.data_models
   INFO | Detected amplitude unit 'm' for plane Y. | optics_measurements.data_models
   INFO | Detected amplitude unit 'm' for plane X. | optics_measurements.data_models
   INFO | Detected amplitude unit 'm' for plane Y. | optics_measurements.data_models
   INFO | Detected amplitude unit 'm' for plane X. | optics_measurements.data_models
   INFO | Detected amplitude unit 'm' for plane Y. | optics_measurements.data_models
   INFO | Detected amplitude unit 'm' for plane X. | optics_measurements.data_models
   INFO | Detected amplitude unit 'm' for plane Y. | optics_measurements.data_models
   INFO | Detected amplitude unit 'm' for plane X. | optics_measurements.data_models
   INFO | Detected amplitude unit 'm' for plane Y. | optics_measurements.data_models
   INFO | Detected amplitude unit 'm' for plane X. | optics_measurements.data_models
   INFO | Detected amplitude unit 'm' for plane Y. | optics_measurements.data_models
   INFO | Detected amplitude unit 'm' for plane X. | optics_measurements.data_models
   INFO | Detected amplitude unit 'm' for plane Y. | optics_measurements.data_models
   INFO | Detected amplitude unit 'm' for plane X. | optics_measurements.data_models
   INFO | Detected amplitude unit 'm' for plane Y. | optics_measurements.data_models
   INFO | Detected amplitude unit 'm' for plane X. | optics_measurements.data_models
   INFO | Detected amplitude unit 'm' for plane Y. | optics_measurements.data_models
   INFO | Detected amplitude unit 'm' for plane X. | optics_measurements.data_models
   INFO | Detected amplitude unit 'm' for plane Y. | optics_measurements.data_models
   INFO | Detected amplitude unit 'm' for plane X. | optics_measurements.data_models
   INFO | Detected amplitude unit 'm' for plane Y. | optics_measurements.data_models
   INFO | Detected amplitude unit 'm' for plane X. | optics_measurements.data_models
   INFO | Detected amplitude unit 'm' for plane Y. | optics_measurements.data_models
   INFO | Detected amplitude unit 'm' for plane X. | optics_measurements.data_models
   INFO | Detected amplitude unit 'm' for plane Y. | optics_measurements.data_models
   INFO | Detected amplitude unit 'm' for plane X. | optics_measurements.data_models
   INFO | Detected amplitude unit 'm' for plane Y. | optics_measurements.data_models
   INFO | Detected amplitude unit 'm' for plane X. | optics_measurements.data_models
   INFO | Detected amplitude unit 'm' for plane Y. | optics_measurements.data_models
   INFO | Detected amplitude unit 'm' for plane X. | optics_measurements.data_models
   INFO | Detected amplitude unit 'm' for plane Y. | optics_measurements.data_models
   INFO | Detected amplitude unit 'm' for plane X. | optics_measurements.data_models
   INFO | Detected amplitude unit 'm' for plane Y. | optics_measurements.data_models
   INFO | Detected amplitude unit 'm' for plane X. | optics_measurements.data_models
   INFO | Detected amplitude unit 'm' for plane Y. | optics_measurements.data_models
   INFO | DPPS: [3.26201159e-05 3.37242773e-05 1.94330051e-05 1.45679281e-05
 1.04450910e-05 3.02254427e-05 1.21794818e-05 2.61485419e-05
 2.73542664e-05 2.14719511e-05 3.39107067e-05 1.61498029e-05
 2.23401127e-05 1.98249226e-05 1.62063962e-05 3.13604629e-05
 1.89220589e-05 2.16451528e-05 2.57164573e-05 2.00637582e-05
 5.40118759e-06 2.03089595e-05 2.22347574e-05 2.56121297e-05
 2.68806192e-05 2.52282628e-05 1.66170979e-05 3.61413525e-05
 2.21703006e-05 1.07769029e-05 1.07253424e-05 2.50568850e-05
 3.39063460e-05 3.14285427e-05 2.04496335e-05 2.18397400e-05
 3.24664573e-05 2.38608110e-05 2.00513689e-05 2.48367800e-05
 2.24547568e-05 2.69756352e-05 2.62803520e-05 1.99474361e-05
 1.43698118e-05 2.73787192e-05 2.49347891e-05 2.31868558e-05
 2.17466443e-05 2.48240258e-05 1.18142054e-05 2.84410295e-05
 2.20240519e-05 1.77470506e-05 2.25390841e-05 1.48182208e-05
 1.76359272e-05 3.08609572e-05 2.15747348e-05 2.86462327e-05
 2.58846876e-05 3.11955249e-05 1.87010498e-05 2.49453891e-05
 2.50930016e-05 1.68551264e-05 2.26661391e-05 2.26678868e-05
 1.95679224e-05 2.52594694e-05 1.46275885e-05 3.46500302e-05
 4.91263132e-05 1.83013354e-05] | optics_measurements.data_models
   INFO | DPP_AMPS: [0. 0. 0. 0. 0. 0. 0. 0. 0. 0. 0. 0. 0. 0. 0. 0. 0. 0. 0. 0. 0. 0. 0. 0.
 0. 0. 0. 0. 0. 0. 0. 0. 0. 0. 0. 0. 0. 0. 0. 0. 0. 0. 0. 0. 0. 0. 0. 0.
 0. 0. 0. 0. 0. 0. 0. 0. 0. 0. 0. 0. 0. 0. 0. 0. 0. 0. 0. 0. 0. 0. 0. 0.
 0. 0.] | optics_measurements.data_models
   INFO | Calculating optics parameters - code version 0.29.0 | optics_measurements.measure_optics
   INFO | -- Run phase calculation with requested compensation | optics_measurements.phase
   INFO | Calculating phase advances | optics_measurements.phase
   INFO | Measured tune in plane X = 0.229705810547 | optics_measurements.phase
   INFO | -- Run phase calculation without compensation | optics_measurements.phase
   INFO | Calculating phase advances | optics_measurements.phase
   INFO | Measured tune in plane X = 0.229705810547 | optics_measurements.phase
   INFO | Writing phases: 4 | optics_measurements.phase
   INFO | Phase advance beating in phase_x.tfs = 0.005153406825870817 | optics_measurements.phase
   INFO | Phase advance beating in total_phase_x.tfs = 0.0041396587863430446 | optics_measurements.phase
   INFO | Phase advance beating in phase_driven_x.tfs = 0.005153360093263878 | optics_measurements.phase
   INFO | Phase advance beating in total_phase_driven_x.tfs = 0.004231738603939451 | optics_measurements.phase
   INFO | Errors from 3BPM method | optics_measurements.beta_from_phase
   INFO |  - RMS beta beat: 11.796% | optics_measurements.beta_from_phase
   INFO | -- Run phase calculation with requested compensation | optics_measurements.phase
   INFO | Calculating phase advances | optics_measurements.phase
   INFO | Measured tune in plane Y = 0.13140869140599998 | optics_measurements.phase
   INFO | -- Run phase calculation without compensation | optics_measurements.phase
   INFO | Calculating phase advances | optics_measurements.phase
   INFO | Measured tune in plane Y = 0.13140869140599998 | optics_measurements.phase
   INFO | Writing phases: 4 | optics_measurements.phase
   INFO | Phase advance beating in phase_y.tfs = 0.0018818512633589223 | optics_measurements.phase
   INFO | Phase advance beating in total_phase_y.tfs = 0.0019468126353659478 | optics_measurements.phase
   INFO | Phase advance beating in phase_driven_y.tfs = 0.0018457037957977007 | optics_measurements.phase
   INFO | Phase advance beating in total_phase_driven_y.tfs = 0.0019836848229118843 | optics_measurements.phase
   INFO | Errors from 3BPM method | optics_measurements.beta_from_phase
   INFO |  - RMS beta beat: 6.239% | optics_measurements.beta_from_phase
   INFO | Calculating coupling | optics_measurements.coupling
   INFO | |C-| (approx) = 0.00860, tune_sep = 0.105, from Eq.1 in PRSTAB 17,051004 | optics_measurements.coupling
   INFO | |C-| (exact)  = 0.00774, from Eq.2 w/o i*s*Delta/R in PRSTAB 17,051004 | optics_measurements.coupling
