   INFO | Calculating optics parameters - code version 0.29.0 | optics_measurements.measure_optics
   INFO | -- Run phase calculation with requested compensation | optics_measurements.phase
   INFO | Calculating phase advances | optics_measurements.phase
   INFO | Measured tune in plane X = 0.23388779469025642 | optics_measurements.phase
   INFO | Writing phases: 2 | optics_measurements.phase
   INFO | Phase advance beating in phase_x.tfs = 0.004718585030690685 | optics_measurements.phase
   INFO | Phase advance beating in total_phase_x.tfs = 0.0064370748658929685 | optics_measurements.phase
   INFO | Errors from 3BPM method | optics_measurements.beta_from_phase
   INFO |  - RMS beta beat: 9.602% | optics_measurements.beta_from_phase
   INFO | -- Run phase calculation with requested compensation | optics_measurements.phase
   INFO | Calculating phase advances | optics_measurements.phase
   INFO | Measured tune in plane Y = 0.13999176025371796 | optics_measurements.phase
   INFO | Writing phases: 2 | optics_measurements.phase
   INFO | Phase advance beating in phase_y.tfs = 0.004196480456913544 | optics_measurements.phase
   INFO | Phase advance beating in total_phase_y.tfs = 0.0023010999416719666 | optics_measurements.phase
   INFO | Errors from 3BPM method | optics_measurements.beta_from_phase
   INFO |  - RMS beta beat: 5.160% | optics_measurements.beta_from_phase
   INFO | Calculating coupling | optics_measurements.coupling
   INFO | |C-| (approx) = 0.00865, tune_sep = 0.101, from Eq.1 in PRSTAB 17,051004 | optics_measurements.coupling
   INFO | |C-| (exact)  = 0.00744, from Eq.2 w/o i*s*Delta/R in PRSTAB 17,051004 | optics_measurements.coupling
   INFO | Detected amplitude unit 'm' for plane X. | optics_measurements.data_models
   INFO | Detected amplitude unit 'm' for plane Y. | optics_measurements.data_models
   INFO | Detected amplitude unit 'm' for plane X. | optics_measurements.data_models
   INFO | Detected amplitude unit 'm' for plane Y. | optics_measurements.data_models
   INFO | Detected amplitude unit 'm' for plane X. | optics_measurements.data_models
   INFO | Detected amplitude unit 'm' for plane Y. | optics_measurements.data_models
   INFO | Detected amplitude unit 'm' for plane X. | optics_measurements.data_models
   INFO | Detected amplitude unit 'm' for plane Y. | optics_measurements.data_models
   INFO | Detected amplitude unit 'm' for plane X. | optics_measurements.data_models
   INFO | Detected amplitude unit 'm' for plane Y. | optics_measurements.data_models
   INFO | Detected amplitude unit 'm' for plane X. | optics_measurements.data_models
   INFO | Detected amplitude unit 'm' for plane Y. | optics_measurements.data_models
   INFO | Detected amplitude unit 'm' for plane X. | optics_measurements.data_models
   INFO | Detected amplitude unit 'm' for plane Y. | optics_measurements.data_models
   INFO | Detected amplitude unit 'm' for plane X. | optics_measurements.data_models
   INFO | Detected amplitude unit 'm' for plane Y. | optics_measurements.data_models
   INFO | Detected amplitude unit 'm' for plane X. | optics_measurements.data_models
   INFO | Detected amplitude unit 'm' for plane Y. | optics_measurements.data_models
   INFO | Detected amplitude unit 'm' for plane X. | optics_measurements.data_models
   INFO | Detected amplitude unit 'm' for plane Y. | optics_measurements.data_models
   INFO | Detected amplitude unit 'm' for plane X. | optics_measurements.data_models
   INFO | Detected amplitude unit 'm' for plane Y. | optics_measurements.data_models
   INFO | Detected amplitude unit 'm' for plane X. | optics_measurements.data_models
   INFO | Detected amplitude unit 'm' for plane Y. | optics_measurements.data_models
   INFO | Detected amplitude unit 'm' for plane X. | optics_measurements.data_models
   INFO | Detected amplitude unit 'm' for plane Y. | optics_measurements.data_models
   INFO | Detected amplitude unit 'm' for plane X. | optics_measurements.data_models
   INFO | Detected amplitude unit 'm' for plane Y. | optics_measurements.data_models
   INFO | Detected amplitude unit 'm' for plane X. | optics_measurements.data_models
   INFO | Detected amplitude unit 'm' for plane Y. | optics_measurements.data_models
   INFO | Detected amplitude unit 'm' for plane X. | optics_measurements.data_models
   INFO | Detected amplitude unit 'm' for plane Y. | optics_measurements.data_models
   INFO | Detected amplitude unit 'm' for plane X. | optics_measurements.data_models
   INFO | Detected amplitude unit 'm' for plane Y. | optics_measurements.data_models
   INFO | Detected amplitude unit 'm' for plane X. | optics_measurements.data_models
   INFO | Detected amplitude unit 'm' for plane Y. | optics_measurements.data_models
   INFO | Detected amplitude unit 'm' for plane X. | optics_measurements.data_models
   INFO | Detected amplitude unit 'm' for plane Y. | optics_measurements.data_models
   INFO | Detected amplitude unit 'm' for plane X. | optics_measurements.data_models
   INFO | Detected amplitude unit 'm' for plane Y. | optics_measurements.data_models
   INFO | Detected amplitude unit 'm' for plane X. | optics_measurements.data_models
   INFO | Detected amplitude unit 'm' for plane Y. | optics_measurements.data_models
   INFO | Detected amplitude unit 'm' for plane X. | optics_measurements.data_models
   INFO | Detected amplitude unit 'm' for plane Y. | optics_measurements.data_models
   INFO | Detected amplitude unit 'm' for plane X. | optics_measurements.data_models
   INFO | Detected amplitude unit 'm' for plane Y. | optics_measurements.data_models
   INFO | Detected amplitude unit 'm' for plane X. | optics_measurements.data_models
   INFO | Detected amplitude unit 'm' for plane Y. | optics_measurements.data_models
   INFO | Detected amplitude unit 'm' for plane X. | optics_measurements.data_models
   INFO | Detected amplitude unit 'm' for plane Y. | optics_measurements.data_models
   INFO | Detected amplitude unit 'm' for plane X. | optics_measurements.data_models
   INFO | Detected amplitude unit 'm' for plane Y. | optics_measurements.data_models
   INFO | Detected amplitude unit 'm' for plane X. | optics_measurements.data_models
   INFO | Detected amplitude unit 'm' for plane Y. | optics_measurements.data_models
   INFO | Detected amplitude unit 'm' for plane X. | optics_measurements.data_models
   INFO | Detected amplitude unit 'm' for plane Y. | optics_measurements.data_models
   INFO | Detected amplitude unit 'm' for plane X. | optics_measurements.data_models
   INFO | Detected amplitude unit 'm' for plane Y. | optics_measurements.data_models
   INFO | Detected amplitude unit 'm' for plane X. | optics_measurements.data_models
   INFO | Detected amplitude unit 'm' for plane Y. | optics_measurements.data_models
   INFO | Detected amplitude unit 'm' for plane X. | optics_measurements.data_models
   INFO | Detected amplitude unit 'm' for plane Y. | optics_measurements.data_models
   INFO | Detected amplitude unit 'm' for plane X. | optics_measurements.data_models
   INFO | Detected amplitude unit 'm' for plane Y. | optics_measurements.data_models
   INFO | Detected amplitude unit 'm' for plane X. | optics_measurements.data_models
   INFO | Detected amplitude unit 'm' for plane Y. | optics_measurements.data_models
   INFO | Detected amplitude unit 'm' for plane X. | optics_measurements.data_models
   INFO | Detected amplitude unit 'm' for plane Y. | optics_measurements.data_models
   INFO | Detected amplitude unit 'm' for plane X. | optics_measurements.data_models
   INFO | Detected amplitude unit 'm' for plane Y. | optics_measurements.data_models
   INFO | Detected amplitude unit 'm' for plane X. | optics_measurements.data_models
   INFO | Detected amplitude unit 'm' for plane Y. | optics_measurements.data_models
   INFO | Detected amplitude unit 'm' for plane X. | optics_measurements.data_models
   INFO | Detected amplitude unit 'm' for plane Y. | optics_measurements.data_models
   INFO | Detected amplitude unit 'm' for plane X. | optics_measurements.data_models
   INFO | Detected amplitude unit 'm' for plane Y. | optics_measurements.data_models
   INFO | Detected amplitude unit 'm' for plane X. | optics_measurements.data_models
   INFO | Detected amplitude unit 'm' for plane Y. | optics_measurements.data_models
   INFO | DPPS: [-0.00062264 -0.00060426 -0.00061049 -0.00061953 -0.00060423 -0.00061233
 -0.00061405 -0.00063033 -0.00060556 -0.00061658 -0.0006078  -0.00061625
 -0.00062117 -0.00061813 -0.00060534 -0.00061261 -0.00061077 -0.000616
 -0.00060271 -0.00062649 -0.0006156  -0.00061604 -0.00061441 -0.00060676
 -0.00060235 -0.00061466 -0.00061382 -0.00062403 -0.00061558 -0.00061713
 -0.0006133  -0.00060224 -0.00060597 -0.00061162 -0.00060878 -0.00060683
 -0.00060845 -0.00060432 -0.00060947] | optics_measurements.data_models
   INFO | DPP_AMPS: [0. 0. 0. 0. 0. 0. 0. 0. 0. 0. 0. 0. 0. 0. 0. 0. 0. 0. 0. 0. 0. 0. 0. 0.
 0. 0. 0. 0. 0. 0. 0. 0. 0. 0. 0. 0. 0. 0. 0.] | optics_measurements.data_models
   INFO | Calculating optics parameters - code version 0.29.0 | optics_measurements.measure_optics
   INFO | -- Run phase calculation with requested compensation | optics_measurements.phase
   INFO | Calculating phase advances | optics_measurements.phase
   INFO | Measured tune in plane X = 0.23388779469025642 | optics_measurements.phase
   INFO | -- Run phase calculation without compensation | optics_measurements.phase
   INFO | Calculating phase advances | optics_measurements.phase
   INFO | Measured tune in plane X = 0.23388779469025642 | optics_measurements.phase
   INFO | Writing phases: 4 | optics_measurements.phase
   INFO | Phase advance beating in phase_x.tfs = 0.005180314608348233 | optics_measurements.phase
   INFO | Phase advance beating in total_phase_x.tfs = 0.004918866160862301 | optics_measurements.phase
   INFO | Phase advance beating in phase_driven_x.tfs = 0.005182944627793007 | optics_measurements.phase
   INFO | Phase advance beating in total_phase_driven_x.tfs = 0.004981468450457935 | optics_measurements.phase
   INFO | Errors from 3BPM method | optics_measurements.beta_from_phase
   INFO |  - RMS beta beat: 9.036% | optics_measurements.beta_from_phase
   INFO | -- Run phase calculation with requested compensation | optics_measurements.phase
   INFO | Calculating phase advances | optics_measurements.phase
   INFO | Measured tune in plane Y = 0.13999176025371796 | optics_measurements.phase
   INFO | -- Run phase calculation without compensation | optics_measurements.phase
   INFO | Calculating phase advances | optics_measurements.phase
   INFO | Measured tune in plane Y = 0.13999176025371796 | optics_measurements.phase
   INFO | Writing phases: 4 | optics_measurements.phase
   INFO | Phase advance beating in phase_y.tfs = 0.0023480851700922655 | optics_measurements.phase
   INFO | Phase advance beating in total_phase_y.tfs = 0.0021689706957858735 | optics_measurements.phase
   INFO | Phase advance beating in phase_driven_y.tfs = 0.0023482824445715455 | optics_measurements.phase
   INFO | Phase advance beating in total_phase_driven_y.tfs = 0.0022137984335041635 | optics_measurements.phase
   INFO | Errors from 3BPM method | optics_measurements.beta_from_phase
   INFO |  - RMS beta beat: 5.567% | optics_measurements.beta_from_phase
   INFO | Calculating coupling | optics_measurements.coupling
   INFO | |C-| (approx) = 0.00864, tune_sep = 0.101, from Eq.1 in PRSTAB 17,051004 | optics_measurements.coupling
   INFO | |C-| (exact)  = 0.00743, from Eq.2 w/o i*s*Delta/R in PRSTAB 17,051004 | optics_measurements.coupling
