INFO __main__: Corrector baseline: zero; absolute planes: (none, pure delta fit)
INFO __main__: Campaign: Normal tunes, QDE14+QDE3 error (/user/psbop/MultiTurn/2026_08_29_Multiturn/normal_tunes_qde14_qde3_err/loco/0mm)
INFO pymadng_utils.io.utils: Reading knobs from /afs/cern.ch/work/j/jmgray/private/psb_md/data/p17_p23_final_strengths.txt
INFO psb_md.acd_config: Read 2 p17-p23-final-qde14-qde3 strengths from p17_p23_final_strengths.txt
INFO psb_md.modelling: Reusing existing model at /afs/cern.ch/work/j/jmgray/private/psb_md/models/reference/model_qx0.173146_qy0.228893_driven_qx0.169600_qy0.232400_state_tunematch
INFO aba_optimiser.mad.optimising_mad_interface: Counted 16 BPMs in observation range: full cycled sequence ($start/$end)
INFO aba_optimiser.mad.optimising_mad_interface: Replaced 16 monitor BPMs with thin observation markers in range: full cycled sequence ($start/$end)
INFO aba_optimiser.mad.optimising_mad_interface: Skipping corrector strengths (not provided)

 Constraints                Type        Kind        Weight     Expr. Value
------------------------------------------------------------------------------
 1 q1                       equality     .          1         -2.69018e-03 >
 2 q2                       equality     .          1          2.09657e-03 >

 Variables                  Curr. Value  Curr. Step   Lower Limit  Upper Limit
--------------------------------------------------------------------------------
 1 kBRQF                    7.28900e-01  0.00000e+00   .            .         
 2 kBRQD                   -7.44277e-01  0.00000e+00   .            .         

ncall=1 [0.0s], fval=2.41171e-03, fstp=-inf, ccnt=2.


 Constraints                Type        Kind        Weight     Expr. Value
------------------------------------------------------------------------------
 1 q1                       equality     .          1         -5.62199e-07 >
 2 q2                       equality     .          1         -1.35307e-07 >

 Variables                  Curr. Value  Curr. Step   Lower Limit  Upper Limit
--------------------------------------------------------------------------------
 1 kBRQF                    7.29202e-01  3.02056e-04   .            .         
 2 kBRQD                   -7.44318e-01 -4.17613e-05   .            .         

ncall=4 [0.1s], fval=4.08886e-07, fstp=-2.41130e-03, ccnt=2.


 Constraints                Type        Kind        Weight     Expr. Value
------------------------------------------------------------------------------
 1 q1                       equality     .          1          1.68754e-14
 2 q2                       equality     .          1          2.04281e-14

 Variables                  Curr. Value  Curr. Step   Lower Limit  Upper Limit
--------------------------------------------------------------------------------
 1 kBRQF                    7.29202e-01  8.42852e-08   .            .         
 2 kBRQD                   -7.44318e-01 -5.26544e-08   .            .         

ncall=7 [0.2s], fval=1.87361e-14, fstp=-4.08886e-07, ccnt=0.


 Constraints                Type        Kind        Weight     Penalty Value
------------------------------------------------------------------------------
 1 q1                       equality     .          1          1.68754e-14
 2 q2                       equality     .          1          2.04281e-14

 Variables                  Final Value  Init. Value  Lower Limit  Upper Limit
--------------------------------------------------------------------------------
 1 kBRQF                    7.29202e-01  7.28900e-01   .            .         
 2 kBRQD                   -7.44318e-01 -7.44277e-01   .            .         

ncall=7 [0.2s], fbst[7]=1.87361e-14, fstp=-4.08886e-07, status=FMIN.

INFO psb_md.modelling: Tune match for p17-p23-final-qde14-qde3 orbit 0: (0.170456, 0.230989) -> (0.173146, 0.228893), target (0.173146, 0.228893)
INFO psb_md.modelling: Matched 2 strengths for p17-p23-final-qde14-qde3 orbit 0 (dpp=0.000000e+00, ke=1.600000e-01)
INFO loco_common.model: Quadrupole circuits from the normal_qde14_qde3_err machine, not a tune match: kbrqd -0.7442765967 (matched -0.7443184106, +0.006 %), kbrqf +0.7289003149 (matched +0.7292024552, -0.041 %)
INFO loco_common.model: Whatever this model twisses to is not matched to the machine's measured tune, by design (scripts/measured_optics.py reads that tune live from /afs/cern.ch/work/j/jmgray/private/psb_md/chroma/p17_p23_final_qde14_qde3_2026_08_29.txt)
INFO loco_common.model: Using the scan's own corrector settings; largest disagreement with psb_md's campaign file is 6.027e-05 rad on kbr3dhz11l4
INFO loco_common.model: Ring-3 model from /afs/cern.ch/work/j/jmgray/private/psb_loco/models/model_qx0.165000_qy0.227500/psb3_saved.seq: 6 tune knobs, 12 corrector knobs
INFO aba_optimiser.training.config.models: OutputConfig: OutputConfig(write_tensorboard_logs=True, include_uncertainty=True, parallel_hessian=True, tensorboard_root=PosixPath('results/benchmark/normal_qde14_qde3_err/method2/tensorboard'), mad_logfile=None, python_logfile=None)
INFO aba_optimiser.config: OptimiserConfig: OptimiserConfig(max_epochs=20, warmup_epochs=0, warmup_lr_start=1.0, max_lr=1.0, min_lr=1.0, gradient_converged_value=1e-10, optimiser_type='lbfgs', validation_patience=None, validation_min_relative_improvement=0.0, grad_norm_alpha=0.2, lbfgs_history_size=10, lbfgs_max_grad_norm=1.0, lbfgs_max_step_norm=1.0, lbfgs_powell_damping=0.2, adam_weight_decay=0.0, decay_epochs=20)
INFO aba_optimiser.config: SimulationConfig: SimulationConfig(num_workers=48, num_batches=1, data_fraction=1.0, validation_fraction=0.1, optimise_momenta=True, run_arc_by_arc=True, n_run_turns=1, different_turns_per_range=False, use_fixed_bpm=True, worker_logging_level=30, enable_preloop_outlier_screening=True, bpm_loss_outlier_sigma=3.0, worker_loss_outlier_sigma=3.0)
INFO aba_optimiser.training.config.models: SequenceConfig: SequenceConfig(magnet_range='$start/$end', bad_bpms=None)
INFO aba_optimiser.training.base_fitter: After filtering bad BPMs, BPM tracking start points: ['$start']; end points: ['$end']
INFO aba_optimiser.mad.optimising_mad_interface: Counted 16 BPMs in observation range: full cycled sequence ($start/$end)
INFO aba_optimiser.mad.optimising_mad_interface: Replaced 16 monitor BPMs with thin observation markers in range: full cycled sequence ($start/$end)
INFO aba_optimiser.mad.optimising_mad_interface: Skipping corrector strengths (not provided)
INFO aba_optimiser.mad.optimising_mad_interface: Skipping tune knobs (not provided)
INFO aba_optimiser.mad.optimising_mad_interface: Created 32 knobs from 5.983511999999999 to 153.057827
INFO aba_optimiser.training.config.manager: Total BPMs in model: 16, BPMs in configured observation range full cycled sequence ($start/$end): 16
WARNING aba_optimiser.training.config.manager: Fixed BPMs from range full cycled sequence ($start/$end) not found in model, using first available
WARNING aba_optimiser.training.config.manager: No true strengths provided, skipping filtering
INFO aba_optimiser.training_closed_twiss.fitter: Closed-twiss fit (pt=0) over 16 measured BPMs (0 model BPMs unobserved)
INFO aba_optimiser.training_closed_twiss.fitter: Closed-twiss fit (pt=0) over 16 measured BPMs (0 model BPMs unobserved)
INFO aba_optimiser.training_closed_twiss.fitter: Closed-twiss fit (pt=0) over 16 measured BPMs (0 model BPMs unobserved)
INFO aba_optimiser.training_closed_twiss.fitter: Closed-twiss fit (pt=0) over 16 measured BPMs (0 model BPMs unobserved)
INFO aba_optimiser.training_closed_twiss.fitter: Closed-twiss fit (pt=0) over 16 measured BPMs (0 model BPMs unobserved)
INFO aba_optimiser.training_closed_twiss.fitter: Closed-twiss fit (pt=0) over 16 measured BPMs (0 model BPMs unobserved)
INFO aba_optimiser.training_closed_twiss.fitter: Closed-twiss fit (pt=0) over 16 measured BPMs (0 model BPMs unobserved)
INFO aba_optimiser.training_closed_twiss.fitter: Closed-twiss fit (pt=0) over 16 measured BPMs (0 model BPMs unobserved)
INFO aba_optimiser.training_closed_twiss.fitter: Closed-twiss fit (pt=0) over 16 measured BPMs (0 model BPMs unobserved)
INFO aba_optimiser.training_closed_twiss.fitter: Closed-twiss fit (pt=0) over 16 measured BPMs (0 model BPMs unobserved)
INFO aba_optimiser.training_closed_twiss.fitter: Closed-twiss fit (pt=0) over 16 measured BPMs (0 model BPMs unobserved)
INFO aba_optimiser.training_closed_twiss.fitter: Closed-twiss fit (pt=0) over 16 measured BPMs (0 model BPMs unobserved)
INFO aba_optimiser.training_closed_twiss.fitter: Closed-twiss fit (pt=0) over 16 measured BPMs (0 model BPMs unobserved)
INFO aba_optimiser.training_closed_twiss.fitter: Closed-twiss fit (pt=0) over 16 measured BPMs (0 model BPMs unobserved)
INFO aba_optimiser.training_closed_twiss.fitter: Closed-twiss fit (pt=0) over 16 measured BPMs (0 model BPMs unobserved)
INFO aba_optimiser.training_closed_twiss.fitter: Closed-twiss fit (pt=0) over 16 measured BPMs (0 model BPMs unobserved)
INFO aba_optimiser.training_closed_twiss.fitter: Closed-twiss fit (pt=0) over 16 measured BPMs (0 model BPMs unobserved)
INFO aba_optimiser.training_closed_twiss.fitter: Closed-twiss fit (pt=0) over 16 measured BPMs (0 model BPMs unobserved)
INFO aba_optimiser.training_closed_twiss.fitter: Closed-twiss fit (pt=0) over 16 measured BPMs (0 model BPMs unobserved)
INFO aba_optimiser.training_closed_twiss.fitter: Closed-twiss fit (pt=0) over 16 measured BPMs (0 model BPMs unobserved)
INFO aba_optimiser.training_closed_twiss.fitter: Closed-twiss fit (pt=0) over 16 measured BPMs (0 model BPMs unobserved)
INFO aba_optimiser.training_closed_twiss.fitter: Closed-twiss fit (pt=0) over 16 measured BPMs (0 model BPMs unobserved)
INFO aba_optimiser.training_closed_twiss.fitter: Closed-twiss fit (pt=0) over 16 measured BPMs (0 model BPMs unobserved)
INFO aba_optimiser.training_closed_twiss.fitter: Closed-twiss fit (pt=0) over 16 measured BPMs (0 model BPMs unobserved)
INFO aba_optimiser.training_closed_twiss.fitter: Closed-twiss fit (pt=0) over 16 measured BPMs (0 model BPMs unobserved)
INFO aba_optimiser.training_closed_twiss.fitter: Closed-twiss fit (pt=0) over 16 measured BPMs (0 model BPMs unobserved)
INFO aba_optimiser.training_closed_twiss.fitter: Closed-twiss fit (pt=0) over 16 measured BPMs (0 model BPMs unobserved)
INFO aba_optimiser.training_closed_twiss.fitter: Closed-twiss fit (pt=0) over 16 measured BPMs (0 model BPMs unobserved)
INFO aba_optimiser.training_closed_twiss.fitter: Closed-twiss fit (pt=0) over 16 measured BPMs (0 model BPMs unobserved)
INFO aba_optimiser.training_closed_twiss.fitter: Closed-twiss fit (pt=0) over 16 measured BPMs (0 model BPMs unobserved)
INFO aba_optimiser.training_closed_twiss.fitter: Closed-twiss fit (pt=0) over 16 measured BPMs (0 model BPMs unobserved)
INFO aba_optimiser.training_closed_twiss.fitter: Closed-twiss fit (pt=0) over 16 measured BPMs (0 model BPMs unobserved)
INFO aba_optimiser.training_closed_twiss.fitter: Closed-twiss fit (pt=0) over 16 measured BPMs (0 model BPMs unobserved)
INFO aba_optimiser.training_closed_twiss.fitter: Closed-twiss fit (pt=0) over 16 measured BPMs (0 model BPMs unobserved)
INFO aba_optimiser.training_closed_twiss.fitter: Closed-twiss fit (pt=0) over 16 measured BPMs (0 model BPMs unobserved)
INFO aba_optimiser.training_closed_twiss.fitter: Closed-twiss fit (pt=0) over 16 measured BPMs (0 model BPMs unobserved)
INFO aba_optimiser.training_closed_twiss.fitter: Closed-twiss fit (pt=0) over 16 measured BPMs (0 model BPMs unobserved)
INFO aba_optimiser.training_closed_twiss.fitter: Closed-twiss fit (pt=0) over 16 measured BPMs (0 model BPMs unobserved)
INFO aba_optimiser.training_closed_twiss.fitter: Closed-twiss fit (pt=0) over 16 measured BPMs (0 model BPMs unobserved)
INFO aba_optimiser.training_closed_twiss.fitter: Closed-twiss fit (pt=0) over 16 measured BPMs (0 model BPMs unobserved)
INFO aba_optimiser.training_closed_twiss.fitter: Closed-twiss fit (pt=0) over 16 measured BPMs (0 model BPMs unobserved)
INFO aba_optimiser.training_closed_twiss.fitter: Closed-twiss fit (pt=0) over 16 measured BPMs (0 model BPMs unobserved)
INFO aba_optimiser.training_closed_twiss.fitter: Closed-twiss fit (pt=0) over 16 measured BPMs (0 model BPMs unobserved)
INFO aba_optimiser.training_closed_twiss.fitter: Closed-twiss fit (pt=0) over 16 measured BPMs (0 model BPMs unobserved)
INFO aba_optimiser.training_closed_twiss.fitter: Closed-twiss fit (pt=0) over 16 measured BPMs (0 model BPMs unobserved)
INFO aba_optimiser.training_closed_twiss.fitter: Closed-twiss fit (pt=0) over 16 measured BPMs (0 model BPMs unobserved)
INFO aba_optimiser.training_closed_twiss.fitter: Closed-twiss fit (pt=0) over 16 measured BPMs (0 model BPMs unobserved)
INFO aba_optimiser.training_closed_twiss.fitter: Closed-twiss fit (pt=0) over 16 measured BPMs (0 model BPMs unobserved)
INFO aba_optimiser.training_closed_twiss.fitter: Global loss normalisation over 48 worker(s): weight scale 2.511709e+12, 1536 weighted points
INFO aba_optimiser.training_closed_twiss.closed_orbit: Closed-orbit fit: 48 worker series, 48 independent measurements
INFO aba_optimiser.training.workers.lifecycle: Starting 48 workers...
INFO aba_optimiser.training.workers.lifecycle: Successfully started 48 workers
INFO aba_optimiser.mad.optimising_mad_interface: Counted 16 BPMs in observation range: full cycled sequence ($start/$end)
INFO aba_optimiser.mad.optimising_mad_interface: Counted 16 BPMs in observation range: full cycled sequence ($start/$end)
INFO aba_optimiser.mad.optimising_mad_interface: Counted 16 BPMs in observation range: full cycled sequence ($start/$end)
INFO aba_optimiser.mad.optimising_mad_interface: Counted 16 BPMs in observation range: full cycled sequence ($start/$end)
INFO aba_optimiser.mad.optimising_mad_interface: Counted 16 BPMs in observation range: full cycled sequence ($start/$end)
INFO aba_optimiser.mad.optimising_mad_interface: Counted 16 BPMs in observation range: full cycled sequence ($start/$end)
INFO aba_optimiser.mad.optimising_mad_interface: Counted 16 BPMs in observation range: full cycled sequence ($start/$end)
INFO aba_optimiser.mad.optimising_mad_interface: Counted 16 BPMs in observation range: full cycled sequence ($start/$end)
INFO aba_optimiser.mad.optimising_mad_interface: Counted 16 BPMs in observation range: full cycled sequence ($start/$end)
INFO aba_optimiser.mad.optimising_mad_interface: Counted 16 BPMs in observation range: full cycled sequence ($start/$end)
INFO aba_optimiser.mad.optimising_mad_interface: Counted 16 BPMs in observation range: full cycled sequence ($start/$end)
INFO aba_optimiser.mad.optimising_mad_interface: Counted 16 BPMs in observation range: full cycled sequence ($start/$end)
INFO aba_optimiser.mad.optimising_mad_interface: Replaced 16 monitor BPMs with thin observation markers in range: full cycled sequence ($start/$end)
INFO aba_optimiser.mad.optimising_mad_interface: Set 12 corrector knobs
INFO aba_optimiser.mad.optimising_mad_interface: Counted 16 BPMs in observation range: full cycled sequence ($start/$end)
INFO aba_optimiser.mad.optimising_mad_interface: Counted 16 BPMs in observation range: full cycled sequence ($start/$end)
INFO aba_optimiser.mad.optimising_mad_interface: Counted 16 BPMs in observation range: full cycled sequence ($start/$end)
INFO aba_optimiser.mad.optimising_mad_interface: Counted 16 BPMs in observation range: full cycled sequence ($start/$end)
INFO aba_optimiser.mad.optimising_mad_interface: Counted 16 BPMs in observation range: full cycled sequence ($start/$end)
INFO aba_optimiser.mad.optimising_mad_interface: Created 32 knobs from 5.983511999999999 to 153.057827
INFO aba_optimiser.mad.optimising_mad_interface: Updated 32 knobs from 32 provided
INFO aba_optimiser.mad.optimising_mad_interface: Counted 16 BPMs in observation range: full cycled sequence ($start/$end)
INFO aba_optimiser.mad.optimising_mad_interface: Replaced 16 monitor BPMs with thin observation markers in range: full cycled sequence ($start/$end)
INFO aba_optimiser.mad.optimising_mad_interface: Set 12 corrector knobs
INFO aba_optimiser.mad.optimising_mad_interface: Counted 16 BPMs in observation range: full cycled sequence ($start/$end)
INFO aba_optimiser.mad.optimising_mad_interface: Replaced 16 monitor BPMs with thin observation markers in range: full cycled sequence ($start/$end)
INFO aba_optimiser.mad.optimising_mad_interface: Set 12 corrector knobs
INFO aba_optimiser.mad.optimising_mad_interface: Counted 16 BPMs in observation range: full cycled sequence ($start/$end)
INFO aba_optimiser.mad.optimising_mad_interface: Replaced 16 monitor BPMs with thin observation markers in range: full cycled sequence ($start/$end)
INFO aba_optimiser.mad.optimising_mad_interface: Set 12 corrector knobs
INFO aba_optimiser.mad.optimising_mad_interface: Replaced 16 monitor BPMs with thin observation markers in range: full cycled sequence ($start/$end)
INFO aba_optimiser.mad.optimising_mad_interface: Set 12 corrector knobs
INFO aba_optimiser.mad.optimising_mad_interface: Counted 16 BPMs in observation range: full cycled sequence ($start/$end)
INFO aba_optimiser.mad.optimising_mad_interface: Replaced 16 monitor BPMs with thin observation markers in range: full cycled sequence ($start/$end)
INFO aba_optimiser.mad.optimising_mad_interface: Set 12 corrector knobs
INFO aba_optimiser.mad.optimising_mad_interface: Replaced 16 monitor BPMs with thin observation markers in range: full cycled sequence ($start/$end)
INFO aba_optimiser.mad.optimising_mad_interface: Set 12 corrector knobs
INFO aba_optimiser.mad.optimising_mad_interface: Counted 16 BPMs in observation range: full cycled sequence ($start/$end)
INFO aba_optimiser.mad.optimising_mad_interface: Replaced 16 monitor BPMs with thin observation markers in range: full cycled sequence ($start/$end)
INFO aba_optimiser.mad.optimising_mad_interface: Set 12 corrector knobs
INFO aba_optimiser.mad.optimising_mad_interface: Counted 16 BPMs in observation range: full cycled sequence ($start/$end)
INFO aba_optimiser.mad.optimising_mad_interface: Created 32 knobs from 5.983511999999999 to 153.057827
INFO aba_optimiser.mad.optimising_mad_interface: Created 32 knobs from 5.983511999999999 to 153.057827
INFO aba_optimiser.mad.optimising_mad_interface: Replaced 16 monitor BPMs with thin observation markers in range: full cycled sequence ($start/$end)
INFO aba_optimiser.mad.optimising_mad_interface: Set 12 corrector knobs
INFO aba_optimiser.mad.optimising_mad_interface: Updated 32 knobs from 32 provided
INFO aba_optimiser.mad.optimising_mad_interface: Updated 32 knobs from 32 provided
INFO aba_optimiser.mad.optimising_mad_interface: Replaced 16 monitor BPMs with thin observation markers in range: full cycled sequence ($start/$end)
INFO aba_optimiser.mad.optimising_mad_interface: Counted 16 BPMs in observation range: full cycled sequence ($start/$end)
INFO aba_optimiser.mad.optimising_mad_interface: Set 12 corrector knobs
INFO aba_optimiser.mad.optimising_mad_interface: Created 32 knobs from 5.983511999999999 to 153.057827
INFO aba_optimiser.mad.optimising_mad_interface: Counted 16 BPMs in observation range: full cycled sequence ($start/$end)
INFO aba_optimiser.mad.optimising_mad_interface: Created 32 knobs from 5.983511999999999 to 153.057827
INFO aba_optimiser.mad.optimising_mad_interface: Counted 16 BPMs in observation range: full cycled sequence ($start/$end)
INFO aba_optimiser.mad.optimising_mad_interface: Replaced 16 monitor BPMs with thin observation markers in range: full cycled sequence ($start/$end)
INFO aba_optimiser.mad.optimising_mad_interface: Counted 16 BPMs in observation range: full cycled sequence ($start/$end)
INFO aba_optimiser.mad.optimising_mad_interface: Updated 32 knobs from 32 provided
INFO aba_optimiser.mad.optimising_mad_interface: Updated 32 knobs from 32 provided
INFO aba_optimiser.mad.optimising_mad_interface: Created 32 knobs from 5.983511999999999 to 153.057827
INFO aba_optimiser.mad.optimising_mad_interface: Set 12 corrector knobs
INFO aba_optimiser.mad.optimising_mad_interface: Replaced 16 monitor BPMs with thin observation markers in range: full cycled sequence ($start/$end)
INFO aba_optimiser.mad.optimising_mad_interface: Updated 32 knobs from 32 provided
INFO aba_optimiser.mad.optimising_mad_interface: Set 12 corrector knobs
INFO aba_optimiser.mad.optimising_mad_interface: Counted 16 BPMs in observation range: full cycled sequence ($start/$end)
INFO aba_optimiser.mad.optimising_mad_interface: Counted 16 BPMs in observation range: full cycled sequence ($start/$end)
INFO aba_optimiser.mad.optimising_mad_interface: Created 32 knobs from 5.983511999999999 to 153.057827
INFO aba_optimiser.mad.optimising_mad_interface: Counted 16 BPMs in observation range: full cycled sequence ($start/$end)
INFO aba_optimiser.mad.optimising_mad_interface: Counted 16 BPMs in observation range: full cycled sequence ($start/$end)
INFO aba_optimiser.mad.optimising_mad_interface: Updated 32 knobs from 32 provided
INFO aba_optimiser.mad.optimising_mad_interface: Counted 16 BPMs in observation range: full cycled sequence ($start/$end)
INFO aba_optimiser.mad.optimising_mad_interface: Counted 16 BPMs in observation range: full cycled sequence ($start/$end)
INFO aba_optimiser.mad.optimising_mad_interface: Created 32 knobs from 5.983511999999999 to 153.057827
INFO aba_optimiser.mad.optimising_mad_interface: Updated 32 knobs from 32 provided
INFO aba_optimiser.mad.optimising_mad_interface: Counted 16 BPMs in observation range: full cycled sequence ($start/$end)
INFO aba_optimiser.mad.optimising_mad_interface: Counted 16 BPMs in observation range: full cycled sequence ($start/$end)
INFO aba_optimiser.mad.optimising_mad_interface: Counted 16 BPMs in observation range: full cycled sequence ($start/$end)
INFO aba_optimiser.mad.optimising_mad_interface: Counted 16 BPMs in observation range: full cycled sequence ($start/$end)
INFO aba_optimiser.mad.optimising_mad_interface: Replaced 16 monitor BPMs with thin observation markers in range: full cycled sequence ($start/$end)
INFO aba_optimiser.mad.optimising_mad_interface: Replaced 16 monitor BPMs with thin observation markers in range: full cycled sequence ($start/$end)
INFO aba_optimiser.mad.optimising_mad_interface: Counted 16 BPMs in observation range: full cycled sequence ($start/$end)
INFO aba_optimiser.mad.optimising_mad_interface: Set 12 corrector knobs
INFO aba_optimiser.mad.optimising_mad_interface: Set 12 corrector knobs
INFO aba_optimiser.mad.optimising_mad_interface: Counted 16 BPMs in observation range: full cycled sequence ($start/$end)
INFO aba_optimiser.mad.optimising_mad_interface: Created 32 knobs from 5.983511999999999 to 153.057827
INFO aba_optimiser.mad.optimising_mad_interface: Updated 32 knobs from 32 provided
INFO aba_optimiser.mad.optimising_mad_interface: Counted 16 BPMs in observation range: full cycled sequence ($start/$end)
INFO aba_optimiser.mad.optimising_mad_interface: Counted 16 BPMs in observation range: full cycled sequence ($start/$end)
INFO aba_optimiser.mad.optimising_mad_interface: Counted 16 BPMs in observation range: full cycled sequence ($start/$end)
INFO aba_optimiser.mad.optimising_mad_interface: Counted 16 BPMs in observation range: full cycled sequence ($start/$end)
INFO aba_optimiser.mad.optimising_mad_interface: Created 32 knobs from 5.983511999999999 to 153.057827
INFO aba_optimiser.mad.optimising_mad_interface: Updated 32 knobs from 32 provided
INFO aba_optimiser.mad.optimising_mad_interface: Counted 16 BPMs in observation range: full cycled sequence ($start/$end)
INFO aba_optimiser.mad.optimising_mad_interface: Replaced 16 monitor BPMs with thin observation markers in range: full cycled sequence ($start/$end)
INFO aba_optimiser.mad.optimising_mad_interface: Created 32 knobs from 5.983511999999999 to 153.057827
INFO aba_optimiser.mad.optimising_mad_interface: Counted 16 BPMs in observation range: full cycled sequence ($start/$end)
INFO aba_optimiser.mad.optimising_mad_interface: Updated 32 knobs from 32 provided
INFO aba_optimiser.mad.optimising_mad_interface: Counted 16 BPMs in observation range: full cycled sequence ($start/$end)
INFO aba_optimiser.mad.optimising_mad_interface: Created 32 knobs from 5.983511999999999 to 153.057827
INFO aba_optimiser.mad.optimising_mad_interface: Set 12 corrector knobs
INFO aba_optimiser.mad.optimising_mad_interface: Updated 32 knobs from 32 provided
INFO aba_optimiser.mad.optimising_mad_interface: Replaced 16 monitor BPMs with thin observation markers in range: full cycled sequence ($start/$end)
INFO aba_optimiser.mad.optimising_mad_interface: Set 12 corrector knobs
INFO aba_optimiser.mad.optimising_mad_interface: Replaced 16 monitor BPMs with thin observation markers in range: full cycled sequence ($start/$end)
INFO aba_optimiser.mad.optimising_mad_interface: Set 12 corrector knobs
INFO aba_optimiser.mad.optimising_mad_interface: Counted 16 BPMs in observation range: full cycled sequence ($start/$end)
INFO aba_optimiser.mad.optimising_mad_interface: Created 32 knobs from 5.983511999999999 to 153.057827
INFO aba_optimiser.mad.optimising_mad_interface: Updated 32 knobs from 32 provided
INFO aba_optimiser.mad.optimising_mad_interface: Counted 16 BPMs in observation range: full cycled sequence ($start/$end)
INFO aba_optimiser.mad.optimising_mad_interface: Created 32 knobs from 5.983511999999999 to 153.057827
INFO aba_optimiser.mad.optimising_mad_interface: Updated 32 knobs from 32 provided
INFO aba_optimiser.mad.optimising_mad_interface: Created 32 knobs from 5.983511999999999 to 153.057827
INFO aba_optimiser.mad.optimising_mad_interface: Updated 32 knobs from 32 provided
INFO aba_optimiser.mad.optimising_mad_interface: Replaced 16 monitor BPMs with thin observation markers in range: full cycled sequence ($start/$end)
INFO aba_optimiser.mad.optimising_mad_interface: Set 12 corrector knobs
INFO aba_optimiser.mad.optimising_mad_interface: Created 32 knobs from 5.983511999999999 to 153.057827
INFO aba_optimiser.mad.optimising_mad_interface: Updated 32 knobs from 32 provided
INFO aba_optimiser.mad.optimising_mad_interface: Created 32 knobs from 5.983511999999999 to 153.057827
INFO aba_optimiser.mad.optimising_mad_interface: Replaced 16 monitor BPMs with thin observation markers in range: full cycled sequence ($start/$end)
INFO aba_optimiser.mad.optimising_mad_interface: Updated 32 knobs from 32 provided
INFO aba_optimiser.mad.optimising_mad_interface: Set 12 corrector knobs
INFO aba_optimiser.mad.optimising_mad_interface: Created 32 knobs from 5.983511999999999 to 153.057827
INFO aba_optimiser.mad.optimising_mad_interface: Updated 32 knobs from 32 provided
INFO aba_optimiser.mad.optimising_mad_interface: Replaced 16 monitor BPMs with thin observation markers in range: full cycled sequence ($start/$end)
INFO aba_optimiser.mad.optimising_mad_interface: Replaced 16 monitor BPMs with thin observation markers in range: full cycled sequence ($start/$end)
INFO aba_optimiser.mad.optimising_mad_interface: Set 12 corrector knobs
INFO aba_optimiser.mad.optimising_mad_interface: Set 12 corrector knobs
INFO aba_optimiser.mad.optimising_mad_interface: Replaced 16 monitor BPMs with thin observation markers in range: full cycled sequence ($start/$end)
INFO aba_optimiser.mad.optimising_mad_interface: Set 12 corrector knobs
INFO aba_optimiser.mad.optimising_mad_interface: Replaced 16 monitor BPMs with thin observation markers in range: full cycled sequence ($start/$end)
INFO aba_optimiser.mad.optimising_mad_interface: Replaced 16 monitor BPMs with thin observation markers in range: full cycled sequence ($start/$end)
INFO aba_optimiser.mad.optimising_mad_interface: Set 12 corrector knobs
INFO aba_optimiser.mad.optimising_mad_interface: Replaced 16 monitor BPMs with thin observation markers in range: full cycled sequence ($start/$end)
INFO aba_optimiser.mad.optimising_mad_interface: Set 12 corrector knobs
INFO aba_optimiser.mad.optimising_mad_interface: Set 12 corrector knobs
INFO aba_optimiser.mad.optimising_mad_interface: Replaced 16 monitor BPMs with thin observation markers in range: full cycled sequence ($start/$end)
INFO aba_optimiser.mad.optimising_mad_interface: Set 12 corrector knobs
INFO aba_optimiser.mad.optimising_mad_interface: Created 32 knobs from 5.983511999999999 to 153.057827
INFO aba_optimiser.mad.optimising_mad_interface: Replaced 16 monitor BPMs with thin observation markers in range: full cycled sequence ($start/$end)
INFO aba_optimiser.mad.optimising_mad_interface: Updated 32 knobs from 32 provided
INFO aba_optimiser.mad.optimising_mad_interface: Set 12 corrector knobs
INFO aba_optimiser.mad.optimising_mad_interface: Replaced 16 monitor BPMs with thin observation markers in range: full cycled sequence ($start/$end)
INFO aba_optimiser.mad.optimising_mad_interface: Set 12 corrector knobs
INFO aba_optimiser.mad.optimising_mad_interface: Replaced 16 monitor BPMs with thin observation markers in range: full cycled sequence ($start/$end)
INFO aba_optimiser.mad.optimising_mad_interface: Set 12 corrector knobs
INFO aba_optimiser.mad.optimising_mad_interface: Created 32 knobs from 5.983511999999999 to 153.057827
INFO aba_optimiser.mad.optimising_mad_interface: Replaced 16 monitor BPMs with thin observation markers in range: full cycled sequence ($start/$end)
INFO aba_optimiser.mad.optimising_mad_interface: Updated 32 knobs from 32 provided
INFO aba_optimiser.mad.optimising_mad_interface: Replaced 16 monitor BPMs with thin observation markers in range: full cycled sequence ($start/$end)
INFO aba_optimiser.mad.optimising_mad_interface: Created 32 knobs from 5.983511999999999 to 153.057827
INFO aba_optimiser.mad.optimising_mad_interface: Set 12 corrector knobs
INFO aba_optimiser.mad.optimising_mad_interface: Replaced 16 monitor BPMs with thin observation markers in range: full cycled sequence ($start/$end)
INFO aba_optimiser.mad.optimising_mad_interface: Set 12 corrector knobs
INFO aba_optimiser.mad.optimising_mad_interface: Replaced 16 monitor BPMs with thin observation markers in range: full cycled sequence ($start/$end)
INFO aba_optimiser.mad.optimising_mad_interface: Updated 32 knobs from 32 provided
INFO aba_optimiser.mad.optimising_mad_interface: Set 12 corrector knobs
INFO aba_optimiser.mad.optimising_mad_interface: Replaced 16 monitor BPMs with thin observation markers in range: full cycled sequence ($start/$end)
INFO aba_optimiser.mad.optimising_mad_interface: Set 12 corrector knobs
INFO aba_optimiser.mad.optimising_mad_interface: Set 12 corrector knobs
INFO aba_optimiser.mad.optimising_mad_interface: Replaced 16 monitor BPMs with thin observation markers in range: full cycled sequence ($start/$end)
INFO aba_optimiser.mad.optimising_mad_interface: Set 12 corrector knobs
INFO aba_optimiser.mad.optimising_mad_interface: Created 32 knobs from 5.983511999999999 to 153.057827
INFO aba_optimiser.mad.optimising_mad_interface: Updated 32 knobs from 32 provided
INFO aba_optimiser.mad.optimising_mad_interface: Created 32 knobs from 5.983511999999999 to 153.057827
INFO aba_optimiser.mad.optimising_mad_interface: Created 32 knobs from 5.983511999999999 to 153.057827
INFO aba_optimiser.mad.optimising_mad_interface: Updated 32 knobs from 32 provided
INFO aba_optimiser.mad.optimising_mad_interface: Updated 32 knobs from 32 provided
INFO aba_optimiser.mad.optimising_mad_interface: Replaced 16 monitor BPMs with thin observation markers in range: full cycled sequence ($start/$end)
INFO aba_optimiser.mad.optimising_mad_interface: Set 12 corrector knobs
INFO aba_optimiser.mad.optimising_mad_interface: Created 32 knobs from 5.983511999999999 to 153.057827
INFO aba_optimiser.mad.optimising_mad_interface: Replaced 16 monitor BPMs with thin observation markers in range: full cycled sequence ($start/$end)
INFO aba_optimiser.mad.optimising_mad_interface: Replaced 16 monitor BPMs with thin observation markers in range: full cycled sequence ($start/$end)
INFO aba_optimiser.mad.optimising_mad_interface: Replaced 16 monitor BPMs with thin observation markers in range: full cycled sequence ($start/$end)
INFO aba_optimiser.mad.optimising_mad_interface: Set 12 corrector knobs
INFO aba_optimiser.mad.optimising_mad_interface: Set 12 corrector knobs
INFO aba_optimiser.mad.optimising_mad_interface: Set 12 corrector knobs
INFO aba_optimiser.mad.optimising_mad_interface: Updated 32 knobs from 32 provided
INFO aba_optimiser.mad.optimising_mad_interface: Replaced 16 monitor BPMs with thin observation markers in range: full cycled sequence ($start/$end)
INFO aba_optimiser.mad.optimising_mad_interface: Set 12 corrector knobs
INFO aba_optimiser.mad.optimising_mad_interface: Created 32 knobs from 5.983511999999999 to 153.057827
INFO aba_optimiser.mad.optimising_mad_interface: Created 32 knobs from 5.983511999999999 to 153.057827
INFO aba_optimiser.mad.optimising_mad_interface: Updated 32 knobs from 32 provided
INFO aba_optimiser.mad.optimising_mad_interface: Created 32 knobs from 5.983511999999999 to 153.057827
INFO aba_optimiser.mad.optimising_mad_interface: Replaced 16 monitor BPMs with thin observation markers in range: full cycled sequence ($start/$end)
INFO aba_optimiser.mad.optimising_mad_interface: Updated 32 knobs from 32 provided
INFO aba_optimiser.mad.optimising_mad_interface: Updated 32 knobs from 32 provided
INFO aba_optimiser.mad.optimising_mad_interface: Set 12 corrector knobs
INFO aba_optimiser.mad.optimising_mad_interface: Created 32 knobs from 5.983511999999999 to 153.057827
INFO aba_optimiser.mad.optimising_mad_interface: Replaced 16 monitor BPMs with thin observation markers in range: full cycled sequence ($start/$end)
INFO aba_optimiser.mad.optimising_mad_interface: Set 12 corrector knobs
INFO aba_optimiser.mad.optimising_mad_interface: Updated 32 knobs from 32 provided
INFO aba_optimiser.mad.optimising_mad_interface: Replaced 16 monitor BPMs with thin observation markers in range: full cycled sequence ($start/$end)
INFO aba_optimiser.mad.optimising_mad_interface: Set 12 corrector knobs
INFO aba_optimiser.mad.optimising_mad_interface: Replaced 16 monitor BPMs with thin observation markers in range: full cycled sequence ($start/$end)
INFO aba_optimiser.mad.optimising_mad_interface: Set 12 corrector knobs
INFO aba_optimiser.mad.optimising_mad_interface: Replaced 16 monitor BPMs with thin observation markers in range: full cycled sequence ($start/$end)
INFO aba_optimiser.mad.optimising_mad_interface: Set 12 corrector knobs
INFO aba_optimiser.mad.optimising_mad_interface: Created 32 knobs from 5.983511999999999 to 153.057827
INFO aba_optimiser.mad.optimising_mad_interface: Updated 32 knobs from 32 provided
INFO aba_optimiser.mad.optimising_mad_interface: Replaced 16 monitor BPMs with thin observation markers in range: full cycled sequence ($start/$end)
INFO aba_optimiser.mad.optimising_mad_interface: Created 32 knobs from 5.983511999999999 to 153.057827
INFO aba_optimiser.mad.optimising_mad_interface: Replaced 16 monitor BPMs with thin observation markers in range: full cycled sequence ($start/$end)
INFO aba_optimiser.mad.optimising_mad_interface: Set 12 corrector knobs
INFO aba_optimiser.mad.optimising_mad_interface: Set 12 corrector knobs
INFO aba_optimiser.mad.optimising_mad_interface: Updated 32 knobs from 32 provided
INFO aba_optimiser.mad.optimising_mad_interface: Created 32 knobs from 5.983511999999999 to 153.057827
INFO aba_optimiser.mad.optimising_mad_interface: Updated 32 knobs from 32 provided
INFO aba_optimiser.mad.optimising_mad_interface: Created 32 knobs from 5.983511999999999 to 153.057827
INFO aba_optimiser.mad.optimising_mad_interface: Updated 32 knobs from 32 provided
INFO aba_optimiser.mad.optimising_mad_interface: Created 32 knobs from 5.983511999999999 to 153.057827
INFO aba_optimiser.mad.optimising_mad_interface: Updated 32 knobs from 32 provided
INFO aba_optimiser.mad.optimising_mad_interface: Created 32 knobs from 5.983511999999999 to 153.057827
INFO aba_optimiser.mad.optimising_mad_interface: Created 32 knobs from 5.983511999999999 to 153.057827
INFO aba_optimiser.mad.optimising_mad_interface: Created 32 knobs from 5.983511999999999 to 153.057827
INFO aba_optimiser.mad.optimising_mad_interface: Updated 32 knobs from 32 provided
INFO aba_optimiser.mad.optimising_mad_interface: Updated 32 knobs from 32 provided
INFO aba_optimiser.mad.optimising_mad_interface: Updated 32 knobs from 32 provided
INFO aba_optimiser.mad.optimising_mad_interface: Created 32 knobs from 5.983511999999999 to 153.057827
INFO aba_optimiser.mad.optimising_mad_interface: Created 32 knobs from 5.983511999999999 to 153.057827
INFO aba_optimiser.mad.optimising_mad_interface: Updated 32 knobs from 32 provided
INFO aba_optimiser.mad.optimising_mad_interface: Updated 32 knobs from 32 provided
INFO aba_optimiser.mad.optimising_mad_interface: Replaced 16 monitor BPMs with thin observation markers in range: full cycled sequence ($start/$end)
INFO aba_optimiser.mad.optimising_mad_interface: Set 12 corrector knobs
INFO aba_optimiser.mad.optimising_mad_interface: Created 32 knobs from 5.983511999999999 to 153.057827
INFO aba_optimiser.mad.optimising_mad_interface: Updated 32 knobs from 32 provided
INFO aba_optimiser.mad.optimising_mad_interface: Created 32 knobs from 5.983511999999999 to 153.057827
INFO aba_optimiser.mad.optimising_mad_interface: Updated 32 knobs from 32 provided
INFO aba_optimiser.mad.optimising_mad_interface: Created 32 knobs from 5.983511999999999 to 153.057827
INFO aba_optimiser.mad.optimising_mad_interface: Created 32 knobs from 5.983511999999999 to 153.057827
INFO aba_optimiser.mad.optimising_mad_interface: Updated 32 knobs from 32 provided
INFO aba_optimiser.mad.optimising_mad_interface: Updated 32 knobs from 32 provided
INFO aba_optimiser.mad.optimising_mad_interface: Created 32 knobs from 5.983511999999999 to 153.057827
INFO aba_optimiser.mad.optimising_mad_interface: Updated 32 knobs from 32 provided
INFO aba_optimiser.mad.optimising_mad_interface: Created 32 knobs from 5.983511999999999 to 153.057827
INFO aba_optimiser.mad.optimising_mad_interface: Created 32 knobs from 5.983511999999999 to 153.057827
INFO aba_optimiser.mad.optimising_mad_interface: Updated 32 knobs from 32 provided
INFO aba_optimiser.mad.optimising_mad_interface: Updated 32 knobs from 32 provided
INFO aba_optimiser.mad.optimising_mad_interface: Created 32 knobs from 5.983511999999999 to 153.057827
INFO aba_optimiser.mad.optimising_mad_interface: Updated 32 knobs from 32 provided
INFO aba_optimiser.mad.optimising_mad_interface: Created 32 knobs from 5.983511999999999 to 153.057827
INFO aba_optimiser.mad.optimising_mad_interface: Updated 32 knobs from 32 provided
INFO aba_optimiser.training_closed_twiss.fitter: GN iter 0: loss=1.441e-09, |g|=1.777e-07, lam=5.0e-04, tt=0.4s
INFO aba_optimiser.training_closed_twiss.fitter: GN iter 1: loss=7.441e-10, |g|=2.847e-08, lam=2.5e-04, tt=0.6s
INFO aba_optimiser.training_closed_twiss.fitter: GN iter 2: loss=7.280e-10, |g|=1.248e-09, lam=1.3e-04, tt=0.8s
INFO aba_optimiser.training_closed_twiss.fitter: GN iter 3: loss=7.273e-10, |g|=2.048e-10, lam=6.3e-05, tt=1.0s
INFO aba_optimiser.training_closed_twiss.fitter: Levenberg-Marquardt converged (loss_converged) at iter 3
INFO aba_optimiser.training.workers.lifecycle: Terminating workers...
INFO aba_optimiser.training.workers.lifecycle: All workers terminated
INFO aba_optimiser.training_closed_twiss.fitter: Closed-orbit optimisation complete.
INFO psb_md.optimisation: Wrote optimisation results (48 knobs from loco_method2 stage) to results/benchmark/normal_qde14_qde3_err/method2/knobs.csv
INFO __main__: Method 2 done: 48 fitted knobs (48 physical output rows) from 48 settings
